******************************************************************************
             TMS320C2000 Linker PC v6.2.7                      
******************************************************************************
>> Linked Sat Jan 13 21:11:17 2018

OUTPUT FILE NAME:   <28035_v01.out>
ENTRY POINT SYMBOL: "_c_int00"  address: 003f6b28


MEMORY CONFIGURATION

         name            origin    length      used     unused   attr    fill
----------------------  --------  ---------  --------  --------  ----  --------
PAGE 0:
  RAML0                 00008000   00000800  0000001f  000007e1  RWIX
  RAML1                 00008800   00000400  00000000  00000400  RWIX
  OTP                   003d7800   00000400  00000000  00000400  RWIX
  FLASHH                003e8000   00002000  00000000  00002000  RWIX
  FLASHG                003ea000   00002000  00000000  00002000  RWIX
  FLASHF                003ec000   00002000  00000000  00002000  RWIX
  FLASHE                003ee000   00002000  00000000  00002000  RWIX
  FLASHD                003f0000   00002000  00000004  00001ffc  RWIX
  FLASHC                003f2000   00002000  00000000  00002000  RWIX
  FLASHA                003f6000   00001f80  00000ddc  000011a4  RWIX
  CSM_RSVD              003f7f80   00000076  00000076  00000000  RWIX
  BEGIN                 003f7ff6   00000002  00000000  00000002  RWIX
  CSM_PWL_P0            003f7ff8   00000008  00000008  00000000  RWIX
  IQTABLES              003fe000   00000b50  00000000  00000b50  RWIX
  IQTABLES2             003feb50   0000008c  00000000  0000008c  RWIX
  IQTABLES3             003febdc   000000aa  00000000  000000aa  RWIX
  ROM                   003ff27c   00000d44  00000000  00000d44  RWIX
  RESET                 003fffc0   00000002  00000000  00000002  RWIX
  VECTORS               003fffc2   0000003e  00000000  0000003e  RWIX

PAGE 1:
  BOOT_RSVD             00000000   00000050  00000000  00000050  RWIX
  RAMM0                 00000050   000003b0  00000300  000000b0  RWIX
  RAMM1                 00000400   00000400  00000000  00000400  RWIX
  DEV_EMU               00000880   00000105  00000004  00000101  RWIX
  SYS_PWR_CTL           00000985   00000003  00000003  00000000  RWIX
  FLASH_REGS            00000a80   00000060  00000008  00000058  RWIX
  CSM                   00000ae0   00000010  00000010  00000000  RWIX
  ADC_RESULT            00000b00   00000020  00000020  00000000  RWIX
  CPU_TIMER0            00000c00   00000008  00000008  00000000  RWIX
  CPU_TIMER1            00000c08   00000008  00000008  00000000  RWIX
  CPU_TIMER2            00000c10   00000008  00000008  00000000  RWIX
  PIE_CTRL              00000ce0   00000020  0000001a  00000006  RWIX
  PIE_VECT              00000d00   00000100  00000100  00000000  RWIX
  CLA1                  00001400   00000080  00000000  00000080  RWIX
  ECANA                 00006000   00000040  00000034  0000000c  RWIX
  ECANA_LAM             00006040   00000040  00000040  00000000  RWIX
  ECANA_MOTS            00006080   00000040  00000040  00000000  RWIX
  ECANA_MOTO            000060c0   00000040  00000040  00000000  RWIX
  ECANA_MBOX            00006100   00000100  00000100  00000000  RWIX
  COMP1                 00006400   00000020  00000011  0000000f  RWIX
  COMP2                 00006420   00000020  00000011  0000000f  RWIX
  COMP3                 00006440   00000020  00000011  0000000f  RWIX
  EPWM1                 00006800   00000040  0000003a  00000006  RWIX
  EPWM2                 00006840   00000040  0000003a  00000006  RWIX
  EPWM3                 00006880   00000040  0000003a  00000006  RWIX
  EPWM4                 000068c0   00000040  0000003a  00000006  RWIX
  EPWM5                 00006900   00000040  0000003a  00000006  RWIX
  EPWM6                 00006940   00000040  0000003a  00000006  RWIX
  EPWM7                 00006980   00000040  0000003a  00000006  RWIX
  ECAP1                 00006a00   00000020  00000020  00000000  RWIX
  HRCAP1                00006ac0   00000020  00000020  00000000  RWIX
  HRCAP2                00006ae0   00000020  00000020  00000000  RWIX
  EQEP1                 00006b00   00000040  00000040  00000000  RWIX
  LINA                  00006c00   00000080  0000004a  00000036  RWIX
  GPIOCTRL              00006f80   00000040  00000040  00000000  RWIX
  GPIODAT               00006fc0   00000020  00000020  00000000  RWIX
  GPIOINT               00006fe0   00000020  0000000c  00000014  RWIX
  SYSTEM                00007010   00000020  00000020  00000000  RWIX
  SPIA                  00007040   00000010  00000010  00000000  RWIX
  SCIA                  00007050   00000010  00000010  00000000  RWIX
  NMIINTRUPT            00007060   00000010  00000000  00000010  RWIX
  XINTRUPT              00007070   00000010  00000010  00000000  RWIX
  ADC                   00007100   00000080  00000050  00000030  RWIX
  SPIB                  00007740   00000010  00000010  00000000  RWIX
  I2CA                  00007900   00000040  00000022  0000001e  RWIX
  RAML2                 00008c00   00000400  000003c4  0000003c  RWIX
  RAML3                 00009000   00001000  00000000  00001000  RWIX
  PARTID                003d7e80   00000001  00000001  00000000  RWIX
  FLASHB                003f4000   00002000  00000000  00002000  RWIX
  CSM_PWL               003f7ff8   00000008  00000008  00000000  RWIX


SECTION ALLOCATION MAP

 output                                  attributes/
section   page    origin      length       input sections
--------  ----  ----------  ----------   ----------------
.pinit     0    003f6000    00000000     UNINITIALIZED

AppRamfuncs 
*          0    00008004    0000001b     
                  00008004    0000001b     DSP2803x_SysCtrl.obj (AppRamfuncs)

ramfuncs   0    003f0000    00000004     RUN ADDR = 00008000
                  003f0000    00000004     DSP280x_usDelay.obj (ramfuncs)

.text      0    003f6000    00000d2e     
                  003f6000    0000024c     DSP2803x_Adc.obj (.text)
                  003f624c    00000210     DSP2803x_EPwm.obj (.text)
                  003f645c    000001da     App_stateCtrl.obj (.text)
                  003f6636    000001a8     analogChk_control.obj (.text)
                  003f67de    00000107     DSP2803x_SysCtrl.obj (.text)
                  003f68e5    000000fb     Signal_IOCtrl.obj (.text)
                  003f69e0    0000007c     power_loopCtrl.obj (.text)
                  003f6a5c    00000073     SCICommu_Ctrl.obj (.text)
                  003f6acf    00000059     power_loopCtrl.obj (.text:retain)
                  003f6b28    00000044     rts2800_ml.lib : boot.obj (.text)
                  003f6b6c    0000003c     DSP2803x_I2C.obj (.text)
                  003f6ba8    00000033     main.obj (.text)
                  003f6bdb    0000002b     DSP2803x_Sci.obj (.text)
                  003f6c06    0000002a     DSP2803x_Gpio.obj (.text)
                  003f6c30    00000025     DSP2803x_PieVect.obj (.text)
                  003f6c55    00000021     rts2800_ml.lib : memcpy_ff.obj (.text)
                  003f6c76    0000001f     DSP2803x_PieCtrl.obj (.text)
                  003f6c95    0000001e     DSP2803x_DefaultIsr.obj (.text:retain)
                  003f6cb3    0000001c     DSP2803x_CpuTimers.obj (.text)
                  003f6ccf    00000019     Interrupt_Ctrl.obj (.text)
                  003f6ce8    00000019     rts2800_ml.lib : args_main.obj (.text)
                  003f6d01    00000019                    : exit.obj (.text)
                  003f6d1a    0000000b     DSP2803x_InitPeripherals.obj (.text)
                  003f6d25    00000009     rts2800_ml.lib : _lock.obj (.text)

.cinit     0    003f6d2e    000000ae     
                  003f6d2e    00000035     analogChk_control.obj (.cinit)
                  003f6d63    0000002c     power_loopCtrl.obj (.cinit)
                  003f6d8f    00000015     SCICommu_Ctrl.obj (.cinit)
                  003f6da4    00000014     Signal_IOCtrl.obj (.cinit)
                  003f6db8    0000000e     App_stateCtrl.obj (.cinit)
                  003f6dc6    0000000a     rts2800_ml.lib : _lock.obj (.cinit)
                  003f6dd0    0000000a                    : exit.obj (.cinit)
                  003f6dda    00000002     --HOLE-- [fill = 0]

csm_rsvd   0    003f7f80    00000076     
                  003f7f80    00000076     DSP2803x_CSMPasswords.obj (csm_rsvd)

csmpasswds 
*          0    003f7ff8    00000008     
                  003f7ff8    00000008     DSP2803x_CSMPasswords.obj (csmpasswds)

.reset     0    003fffc0    00000002     DSECT
                  003fffc0    00000002     rts2800_ml.lib : boot.obj (.reset)

vectors    0    003fffc2    00000000     DSECT

.stack     1    00000050    00000300     UNINITIALIZED
                  00000050    00000300     --HOLE--

DevEmuRegsFile 
*          1    00000880    00000004     UNINITIALIZED
                  00000880    00000004     DSP2803x_GlobalVariableDefs.obj (DevEmuRegsFile)

SysPwrCtrlRegsFile 
*          1    00000985    00000003     UNINITIALIZED
                  00000985    00000003     DSP2803x_GlobalVariableDefs.obj (SysPwrCtrlRegsFile)

FlashRegsFile 
*          1    00000a80    00000008     UNINITIALIZED
                  00000a80    00000008     DSP2803x_GlobalVariableDefs.obj (FlashRegsFile)

CsmRegsFile 
*          1    00000ae0    00000010     UNINITIALIZED
                  00000ae0    00000010     DSP2803x_GlobalVariableDefs.obj (CsmRegsFile)

AdcResultFile 
*          1    00000b00    00000020     UNINITIALIZED
                  00000b00    00000020     DSP2803x_GlobalVariableDefs.obj (AdcResultFile)

CpuTimer0RegsFile 
*          1    00000c00    00000008     UNINITIALIZED
                  00000c00    00000008     DSP2803x_GlobalVariableDefs.obj (CpuTimer0RegsFile)

CpuTimer1RegsFile 
*          1    00000c08    00000008     UNINITIALIZED
                  00000c08    00000008     DSP2803x_GlobalVariableDefs.obj (CpuTimer1RegsFile)

CpuTimer2RegsFile 
*          1    00000c10    00000008     UNINITIALIZED
                  00000c10    00000008     DSP2803x_GlobalVariableDefs.obj (CpuTimer2RegsFile)

PieCtrlRegsFile 
*          1    00000ce0    0000001a     UNINITIALIZED
                  00000ce0    0000001a     DSP2803x_GlobalVariableDefs.obj (PieCtrlRegsFile)

PieVectTableFile 
*          1    00000d00    00000100     UNINITIALIZED
                  00000d00    00000100     DSP2803x_GlobalVariableDefs.obj (PieVectTableFile)

EmuKeyVar 
*          1    00000d00    00000000     UNINITIALIZED

EmuBModeVar 
*          1    00000d00    00000000     UNINITIALIZED

FlashCallbackVar 
*          1    00000d00    00000002     UNINITIALIZED
                  00000d00    00000002     DSP2803x_GlobalVariableDefs.obj (FlashCallbackVar)

FlashScalingVar 
*          1    00000d02    00000002     UNINITIALIZED
                  00000d02    00000002     DSP2803x_GlobalVariableDefs.obj (FlashScalingVar)

ECanaRegsFile 
*          1    00006000    00000034     UNINITIALIZED
                  00006000    00000034     DSP2803x_GlobalVariableDefs.obj (ECanaRegsFile)

ECanaLAMRegsFile 
*          1    00006040    00000040     UNINITIALIZED
                  00006040    00000040     DSP2803x_GlobalVariableDefs.obj (ECanaLAMRegsFile)

ECanaMOTSRegsFile 
*          1    00006080    00000040     UNINITIALIZED
                  00006080    00000040     DSP2803x_GlobalVariableDefs.obj (ECanaMOTSRegsFile)

ECanaMOTORegsFile 
*          1    000060c0    00000040     UNINITIALIZED
                  000060c0    00000040     DSP2803x_GlobalVariableDefs.obj (ECanaMOTORegsFile)

ECanaMboxesFile 
*          1    00006100    00000100     UNINITIALIZED
                  00006100    00000100     DSP2803x_GlobalVariableDefs.obj (ECanaMboxesFile)

Comp1RegsFile 
*          1    00006400    00000011     UNINITIALIZED
                  00006400    00000011     DSP2803x_GlobalVariableDefs.obj (Comp1RegsFile)

Comp2RegsFile 
*          1    00006420    00000011     UNINITIALIZED
                  00006420    00000011     DSP2803x_GlobalVariableDefs.obj (Comp2RegsFile)

Comp3RegsFile 
*          1    00006440    00000011     UNINITIALIZED
                  00006440    00000011     DSP2803x_GlobalVariableDefs.obj (Comp3RegsFile)

EPwm1RegsFile 
*          1    00006800    0000003a     UNINITIALIZED
                  00006800    0000003a     DSP2803x_GlobalVariableDefs.obj (EPwm1RegsFile)

EPwm2RegsFile 
*          1    00006840    0000003a     UNINITIALIZED
                  00006840    0000003a     DSP2803x_GlobalVariableDefs.obj (EPwm2RegsFile)

EPwm3RegsFile 
*          1    00006880    0000003a     UNINITIALIZED
                  00006880    0000003a     DSP2803x_GlobalVariableDefs.obj (EPwm3RegsFile)

EPwm4RegsFile 
*          1    000068c0    0000003a     UNINITIALIZED
                  000068c0    0000003a     DSP2803x_GlobalVariableDefs.obj (EPwm4RegsFile)

EPwm5RegsFile 
*          1    00006900    0000003a     UNINITIALIZED
                  00006900    0000003a     DSP2803x_GlobalVariableDefs.obj (EPwm5RegsFile)

EPwm6RegsFile 
*          1    00006940    0000003a     UNINITIALIZED
                  00006940    0000003a     DSP2803x_GlobalVariableDefs.obj (EPwm6RegsFile)

EPwm7RegsFile 
*          1    00006980    0000003a     UNINITIALIZED
                  00006980    0000003a     DSP2803x_GlobalVariableDefs.obj (EPwm7RegsFile)

ECap1RegsFile 
*          1    00006a00    00000020     UNINITIALIZED
                  00006a00    00000020     DSP2803x_GlobalVariableDefs.obj (ECap1RegsFile)

HRCap1RegsFile 
*          1    00006ac0    00000020     UNINITIALIZED
                  00006ac0    00000020     DSP2803x_GlobalVariableDefs.obj (HRCap1RegsFile)

HRCap2RegsFile 
*          1    00006ae0    00000020     UNINITIALIZED
                  00006ae0    00000020     DSP2803x_GlobalVariableDefs.obj (HRCap2RegsFile)

EQep1RegsFile 
*          1    00006b00    00000040     UNINITIALIZED
                  00006b00    00000040     DSP2803x_GlobalVariableDefs.obj (EQep1RegsFile)

LinaRegsFile 
*          1    00006c00    0000004a     UNINITIALIZED
                  00006c00    0000004a     DSP2803x_GlobalVariableDefs.obj (LinaRegsFile)

GpioCtrlRegsFile 
*          1    00006f80    00000040     UNINITIALIZED
                  00006f80    00000040     DSP2803x_GlobalVariableDefs.obj (GpioCtrlRegsFile)

GpioDataRegsFile 
*          1    00006fc0    00000020     UNINITIALIZED
                  00006fc0    00000020     DSP2803x_GlobalVariableDefs.obj (GpioDataRegsFile)

GpioIntRegsFile 
*          1    00006fe0    0000000c     UNINITIALIZED
                  00006fe0    0000000c     DSP2803x_GlobalVariableDefs.obj (GpioIntRegsFile)

SysCtrlRegsFile 
*          1    00007010    00000020     UNINITIALIZED
                  00007010    00000020     DSP2803x_GlobalVariableDefs.obj (SysCtrlRegsFile)

SpiaRegsFile 
*          1    00007040    00000010     UNINITIALIZED
                  00007040    00000010     DSP2803x_GlobalVariableDefs.obj (SpiaRegsFile)

SciaRegsFile 
*          1    00007050    00000010     UNINITIALIZED
                  00007050    00000010     DSP2803x_GlobalVariableDefs.obj (SciaRegsFile)

XIntruptRegsFile 
*          1    00007070    00000010     UNINITIALIZED
                  00007070    00000010     DSP2803x_GlobalVariableDefs.obj (XIntruptRegsFile)

AdcRegsFile 
*          1    00007100    00000050     UNINITIALIZED
                  00007100    00000050     DSP2803x_GlobalVariableDefs.obj (AdcRegsFile)

SpibRegsFile 
*          1    00007740    00000010     UNINITIALIZED
                  00007740    00000010     DSP2803x_GlobalVariableDefs.obj (SpibRegsFile)

I2caRegsFile 
*          1    00007900    00000022     UNINITIALIZED
                  00007900    00000022     DSP2803x_GlobalVariableDefs.obj (I2caRegsFile)

.ebss      1    00008c00    000003c4     UNINITIALIZED
                  00008c00    00000360     SCICommu_Ctrl.obj (.ebss)
                  00008f60    00000014     power_loopCtrl.obj (.ebss)
                  00008f74    0000000c     App_stateCtrl.obj (.ebss)
                  00008f80    00000026     analogChk_control.obj (.ebss)
                  00008fa6    00000010     DSP2803x_CpuTimers.obj (.ebss)
                  00008fb6    00000005     Signal_IOCtrl.obj (.ebss)
                  00008fbb    00000001     --HOLE--
                  00008fbc    00000004     rts2800_ml.lib : _lock.obj (.ebss)
                  00008fc0    00000004                    : exit.obj (.ebss)

PartIdRegsFile 
*          1    003d7e80    00000001     UNINITIALIZED
                  003d7e80    00000001     DSP2803x_GlobalVariableDefs.obj (PartIdRegsFile)

CsmPwlFile 
*          1    003f7ff8    00000008     UNINITIALIZED
                  003f7ff8    00000008     DSP2803x_GlobalVariableDefs.obj (CsmPwlFile)


GLOBAL DATA SYMBOLS: SORTED BY DATA PAGE

address     data page           name
--------    ----------------    ----
00000050       1 (00000040)     __stack

00000880      22 (00000880)     _DevEmuRegs

00000985      26 (00000980)     _SysPwrCtrlRegs

00000a80      2a (00000a80)     _FlashRegs

00000ae0      2b (00000ac0)     _CsmRegs

00000b00      2c (00000b00)     _AdcResult

00000c00      30 (00000c00)     _CpuTimer0Regs
00000c08      30 (00000c00)     _CpuTimer1Regs
00000c10      30 (00000c00)     _CpuTimer2Regs

00000ce0      33 (00000cc0)     _PieCtrlRegs

00000d00      34 (00000d00)     _Flash_CallbackPtr
00000d00      34 (00000d00)     _PieVectTable
00000d02      34 (00000d00)     _Flash_CPUScaleFactor

00006000     180 (00006000)     _ECanaRegs

00006040     181 (00006040)     _ECanaLAMRegs

00006080     182 (00006080)     _ECanaMOTSRegs

000060c0     183 (000060c0)     _ECanaMOTORegs

00006100     184 (00006100)     _ECanaMboxes

00006400     190 (00006400)     _Comp1Regs
00006420     190 (00006400)     _Comp2Regs

00006440     191 (00006440)     _Comp3Regs

00006800     1a0 (00006800)     _EPwm1Regs

00006840     1a1 (00006840)     _EPwm2Regs

00006880     1a2 (00006880)     _EPwm3Regs

000068c0     1a3 (000068c0)     _EPwm4Regs

00006900     1a4 (00006900)     _EPwm5Regs

00006940     1a5 (00006940)     _EPwm6Regs

00006980     1a6 (00006980)     _EPwm7Regs

00006a00     1a8 (00006a00)     _ECap1Regs

00006ac0     1ab (00006ac0)     _HRCap1Regs
00006ae0     1ab (00006ac0)     _HRCap2Regs

00006b00     1ac (00006b00)     _EQep1Regs

00006c00     1b0 (00006c00)     _LinaRegs

00006f80     1be (00006f80)     _GpioCtrlRegs

00006fc0     1bf (00006fc0)     _GpioDataRegs
00006fe0     1bf (00006fc0)     _GpioIntRegs

00007010     1c0 (00007000)     _SysCtrlRegs

00007040     1c1 (00007040)     _SpiaRegs
00007050     1c1 (00007040)     _SciaRegs
00007070     1c1 (00007040)     _XIntruptRegs

00007100     1c4 (00007100)     _AdcRegs

00007740     1dd (00007740)     _SpibRegs

00007900     1e4 (00007900)     _I2caRegs

00008c00     230 (00008c00)     _KP_set
00008c01     230 (00008c00)     _Txd_Cnt
00008c02     230 (00008c00)     _KD_set
00008c03     230 (00008c00)     _KI_set
00008c06     230 (00008c00)     _Rxd_buf

00008c40     231 (00008c40)     _Txd_buf

00008f60     23d (00008f40)     _u16Vol_K_P
00008f61     23d (00008f40)     _u16LVoltInst
00008f62     23d (00008f40)     _Flag_Txd
00008f63     23d (00008f40)     _Flag_Txd_cnt
00008f64     23d (00008f40)     _u16Vol_K_D
00008f65     23d (00008f40)     _u16LVoutRefNormal
00008f66     23d (00008f40)     _u16Vol_K_I
00008f67     23d (00008f40)     _u16LVoutRef
00008f68     23d (00008f40)     _bsoftStart
00008f69     23d (00008f40)     _u8RampLVoltRef_Cnt
00008f6c     23d (00008f40)     _CTRL2P2Z_COEFF_VOLTAGE_LOOP
00008f74     23d (00008f40)     _PSUCharge_state
00008f75     23d (00008f40)     _PSUDischarge_state
00008f76     23d (00008f40)     _PSUMode

00008f80     23e (00008f80)     _u16FaultReg
00008f82     23e (00008f80)     _u16HVoltInst
00008fa6     23e (00008f80)     _CpuTimer0
00008fae     23e (00008f80)     _CpuTimer1
00008fb6     23e (00008f80)     _PFCOK_State_e
00008fb8     23e (00008f80)     _LED2State
00008fb9     23e (00008f80)     _LED1State
00008fba     23e (00008f80)     _LED3State
00008fbc     23e (00008f80)     __unlock
00008fbe     23e (00008f80)     __lock

00008fc0     23f (00008fc0)     ___TI_cleanup_ptr
00008fc2     23f (00008fc0)     ___TI_dtors_ptr

003d7e80    f5fa (003d7e80)     _PartIdRegs

003f7ff8    fdff (003f7fc0)     _CsmPwl


GLOBAL SYMBOLS: SORTED ALPHABETICALLY BY Name 

address    name
--------   ----
003f6000   .text
003f6d01   C$$EXIT
003f600f   _AdcChanSelect
003f60ab   _AdcConversion
003f6084   _AdcOffsetSelfCal
00007100   _AdcRegs
00000b00   _AdcResult
003f6612   _App_StateCtrl
003f660e   _App_initStateCtrl
00008f6c   _CTRL2P2Z_COEFF_VOLTAGE_LOOP
00006400   _Comp1Regs
00006420   _Comp2Regs
00006440   _Comp3Regs
003f61d1   _ConfigAdc
00008fa6   _CpuTimer0
00000c00   _CpuTimer0Regs
00008fae   _CpuTimer1
00000c08   _CpuTimer1Regs
00000c10   _CpuTimer2Regs
003f7ff8   _CsmPwl
00000ae0   _CsmRegs
00008000   _DSP28x_usDelay
00000880   _DevEmuRegs
003f67de   _DisableDog
003f6491   _Disable_MainPWMCtrl
003f64a9   _Disable_SYNCPWMCtrl
00006040   _ECanaLAMRegs
000060c0   _ECanaMOTORegs
00006080   _ECanaMOTSRegs
00006100   _ECanaMboxes
00006000   _ECanaRegs
00006a00   _ECap1Regs
00006800   _EPwm1Regs
00006840   _EPwm2Regs
00006880   _EPwm3Regs
000068c0   _EPwm4Regs
00006900   _EPwm5Regs
00006940   _EPwm6Regs
00006980   _EPwm7Regs
00006b00   _EQep1Regs
003f68d3   _EnableDog
003f6cdc   _EnableInterrupts
003f649d   _Enable_MainPWMCtrl
003f64b5   _Enable_SYNCPWMCtrl
003f68b0   _ExtOscSel
00008f62   _Flag_Txd
00008f63   _Flag_Txd_cnt
00000a80   _FlashRegs
00000d02   _Flash_CPUScaleFactor
00000d00   _Flash_CallbackPtr
003f69ed   _Get_LVoltRef
00006f80   _GpioCtrlRegs
00006fc0   _GpioDataRegs
00006fe0   _GpioIntRegs
00006ac0   _HRCap1Regs
00006ae0   _HRCap2Regs
00007900   _I2caRegs
003f6933   _IO_ChkPFCOK
003f6957   _IO_UpdInput_PFCOK
003f6971   _IO_UpdOutput_LED1
003f6993   _IO_UpdOutput_LED2
003f69b5   _IO_UpdOutput_LED3
003f69d7   _IO_UpdSignal
003f68e5   _IO_UpdState
003f622b   _InitAdc
003f6000   _InitAdcAio
003f6cb3   _InitCpuTimers
003f62fe   _InitEPWM1
003f634f   _InitEPWM2
003f6387   _InitEPWM3
003f63ae   _InitEPWM4
003f63e9   _InitEPWM5
003f6423   _InitEPWM6
003f62d5   _InitEPwm
003f624c   _InitEPwm1Gpio
003f6258   _InitEPwm2Gpio
003f6264   _InitEPwm3Gpio
003f6278   _InitEPwm4Gpio
003f628c   _InitEPwm5Gpio
003f6298   _InitEPwm6Gpio
003f62a4   _InitEPwm7Gpio
00008004   _InitFlash
003f6c06   _InitGpio
003f6b82   _InitI2C
003f6b6c   _InitI2CGpio
003f684c   _InitPeripheralClocks
003f6d1a   _InitPeripherals
003f6c76   _InitPieCtrl
003f6c30   _InitPieVectTable
003f67f6   _InitPll
003f6bdb   _InitSci
003f6bed   _InitSciGpio
003f6bf0   _InitSciaGpio
003f68c6   _InitSysCtrl
003f62b6   _InitTzGpio
003f67e6   _IntOsc1Sel
003f6888   _IntOsc2Sel
00008c02   _KD_set
00008c03   _KI_set
00008c00   _KP_set
00008fb9   _LED1State
00008fb8   _LED2State
00008fba   _LED3State
003f6968   _LEDCtrl_LED1OnCond
003f696b   _LEDCtrl_LED2OnCond
003f696e   _LEDCtrl_LED3OnCond
00006c00   _LinaRegs
00008fb6   _PFCOK_State_e
003f69f1   _PI_LVolt
003f64c1   _PSUChargeStateCtrl
003f662e   _PSUChargeState_ChkState
00008f74   _PSUCharge_state
003f6569   _PSUDischargeStateCtrl
003f6632   _PSUDischargeState_ChkState
00008f75   _PSUDischarge_state
00008f76   _PSUMode
003f662a   _PSUMode_ChkMode
003f6a3d   _ParametersCtrl
003d7e80   _PartIdRegs
00000ce0   _PieCtrlRegs
00000d00   _PieVectTable
003f0004   _RamfuncsLoadEnd
003f0000   _RamfuncsLoadStart
00008000   _RamfuncsRunStart
00008c06   _Rxd_buf
003f6ac8   _SCICommu_Control
003f6a5c   _SCI_DataRx
003f6a7c   _SCI_DoRx
003f6ab0   _SCI_DoTx
00007050   _SciaRegs
003f69e0   _Set_LVoltRef
00007040   _SpiaRegs
00007740   _SpibRegs
00007010   _SysCtrlRegs
00000985   _SysPwrCtrlRegs
00008c01   _Txd_Cnt
00008c40   _Txd_buf
003f6ca4   _USER_ISR
003f68db   _Watch_Dog_Kick
00007070   _XIntruptRegs
003f689c   _XtalOscSel
00000350   __STACK_END
00000300   __STACK_SIZE
00000001   __TI_args_main
00008fc0   ___TI_cleanup_ptr
00008fc2   ___TI_dtors_ptr
ffffffff   ___binit__
ffffffff   ___c_args__
003f6d2e   ___cinit__
003f6d2e   ___etext__
003f6c55   ___memcpy_ff
ffffffff   ___pinit__
003f6000   ___text__
003f6ce8   __args_main
00008fbe   __lock
003f6d2d   __nop
003f6d29   __register_lock
003f6d25   __register_unlock
00000050   __stack
00008fbc   __unlock
003f6d01   _abort
003f6acf   _adc_isr
003f6688   _analog_ChkHVOVP
003f66c4   _analog_ChkHVUVP
003f6702   _analog_ChkLVOVP
003f674a   _analog_ChkLVUVP
003f6676   _analog_HVmetering
003f6793   _analog_monitor
00008f68   _bsoftStart
003f6b28   _c_int00
003f6d03   _exit
003f646d   _initPSUChargeStateCtrl
003f647f   _initPSUDischargeStateCtrl
003f67c8   _isHV_OVP
003f67d3   _isHV_UVP
003f67bd   _isLV_UVP
003f67b3   _is_LVOVP
003f67b1   _is_OCP
003f679e   _is_PFC_OK
003f67a9   _is_fault
003f6a2e   _is_softStartFinished
003f6ba8   _main
003f6c95   _rsvd_ISR
003f646c   _test1
00008f80   _u16FaultReg
00008f82   _u16HVoltInst
00008f61   _u16LVoltInst
00008f67   _u16LVoutRef
00008f65   _u16LVoutRefNormal
00008f64   _u16Vol_K_D
00008f66   _u16Vol_K_I
00008f60   _u16Vol_K_P
00008f69   _u8RampLVoltRef_Cnt
003f6ccf   _vInitialInterrupts
ffffffff   binit
003f6d2e   cinit
003f6d2e   etext
ffffffff   pinit


GLOBAL SYMBOLS: SORTED BY Symbol Address 

address    name
--------   ----
00000001   __TI_args_main
00000050   __stack
00000300   __STACK_SIZE
00000350   __STACK_END
00000880   _DevEmuRegs
00000985   _SysPwrCtrlRegs
00000a80   _FlashRegs
00000ae0   _CsmRegs
00000b00   _AdcResult
00000c00   _CpuTimer0Regs
00000c08   _CpuTimer1Regs
00000c10   _CpuTimer2Regs
00000ce0   _PieCtrlRegs
00000d00   _Flash_CallbackPtr
00000d00   _PieVectTable
00000d02   _Flash_CPUScaleFactor
00006000   _ECanaRegs
00006040   _ECanaLAMRegs
00006080   _ECanaMOTSRegs
000060c0   _ECanaMOTORegs
00006100   _ECanaMboxes
00006400   _Comp1Regs
00006420   _Comp2Regs
00006440   _Comp3Regs
00006800   _EPwm1Regs
00006840   _EPwm2Regs
00006880   _EPwm3Regs
000068c0   _EPwm4Regs
00006900   _EPwm5Regs
00006940   _EPwm6Regs
00006980   _EPwm7Regs
00006a00   _ECap1Regs
00006ac0   _HRCap1Regs
00006ae0   _HRCap2Regs
00006b00   _EQep1Regs
00006c00   _LinaRegs
00006f80   _GpioCtrlRegs
00006fc0   _GpioDataRegs
00006fe0   _GpioIntRegs
00007010   _SysCtrlRegs
00007040   _SpiaRegs
00007050   _SciaRegs
00007070   _XIntruptRegs
00007100   _AdcRegs
00007740   _SpibRegs
00007900   _I2caRegs
00008000   _DSP28x_usDelay
00008000   _RamfuncsRunStart
00008004   _InitFlash
00008c00   _KP_set
00008c01   _Txd_Cnt
00008c02   _KD_set
00008c03   _KI_set
00008c06   _Rxd_buf
00008c40   _Txd_buf
00008f60   _u16Vol_K_P
00008f61   _u16LVoltInst
00008f62   _Flag_Txd
00008f63   _Flag_Txd_cnt
00008f64   _u16Vol_K_D
00008f65   _u16LVoutRefNormal
00008f66   _u16Vol_K_I
00008f67   _u16LVoutRef
00008f68   _bsoftStart
00008f69   _u8RampLVoltRef_Cnt
00008f6c   _CTRL2P2Z_COEFF_VOLTAGE_LOOP
00008f74   _PSUCharge_state
00008f75   _PSUDischarge_state
00008f76   _PSUMode
00008f80   _u16FaultReg
00008f82   _u16HVoltInst
00008fa6   _CpuTimer0
00008fae   _CpuTimer1
00008fb6   _PFCOK_State_e
00008fb8   _LED2State
00008fb9   _LED1State
00008fba   _LED3State
00008fbc   __unlock
00008fbe   __lock
00008fc0   ___TI_cleanup_ptr
00008fc2   ___TI_dtors_ptr
003d7e80   _PartIdRegs
003f0000   _RamfuncsLoadStart
003f0004   _RamfuncsLoadEnd
003f6000   .text
003f6000   _InitAdcAio
003f6000   ___text__
003f600f   _AdcChanSelect
003f6084   _AdcOffsetSelfCal
003f60ab   _AdcConversion
003f61d1   _ConfigAdc
003f622b   _InitAdc
003f624c   _InitEPwm1Gpio
003f6258   _InitEPwm2Gpio
003f6264   _InitEPwm3Gpio
003f6278   _InitEPwm4Gpio
003f628c   _InitEPwm5Gpio
003f6298   _InitEPwm6Gpio
003f62a4   _InitEPwm7Gpio
003f62b6   _InitTzGpio
003f62d5   _InitEPwm
003f62fe   _InitEPWM1
003f634f   _InitEPWM2
003f6387   _InitEPWM3
003f63ae   _InitEPWM4
003f63e9   _InitEPWM5
003f6423   _InitEPWM6
003f646c   _test1
003f646d   _initPSUChargeStateCtrl
003f647f   _initPSUDischargeStateCtrl
003f6491   _Disable_MainPWMCtrl
003f649d   _Enable_MainPWMCtrl
003f64a9   _Disable_SYNCPWMCtrl
003f64b5   _Enable_SYNCPWMCtrl
003f64c1   _PSUChargeStateCtrl
003f6569   _PSUDischargeStateCtrl
003f660e   _App_initStateCtrl
003f6612   _App_StateCtrl
003f662a   _PSUMode_ChkMode
003f662e   _PSUChargeState_ChkState
003f6632   _PSUDischargeState_ChkState
003f6676   _analog_HVmetering
003f6688   _analog_ChkHVOVP
003f66c4   _analog_ChkHVUVP
003f6702   _analog_ChkLVOVP
003f674a   _analog_ChkLVUVP
003f6793   _analog_monitor
003f679e   _is_PFC_OK
003f67a9   _is_fault
003f67b1   _is_OCP
003f67b3   _is_LVOVP
003f67bd   _isLV_UVP
003f67c8   _isHV_OVP
003f67d3   _isHV_UVP
003f67de   _DisableDog
003f67e6   _IntOsc1Sel
003f67f6   _InitPll
003f684c   _InitPeripheralClocks
003f6888   _IntOsc2Sel
003f689c   _XtalOscSel
003f68b0   _ExtOscSel
003f68c6   _InitSysCtrl
003f68d3   _EnableDog
003f68db   _Watch_Dog_Kick
003f68e5   _IO_UpdState
003f6933   _IO_ChkPFCOK
003f6957   _IO_UpdInput_PFCOK
003f6968   _LEDCtrl_LED1OnCond
003f696b   _LEDCtrl_LED2OnCond
003f696e   _LEDCtrl_LED3OnCond
003f6971   _IO_UpdOutput_LED1
003f6993   _IO_UpdOutput_LED2
003f69b5   _IO_UpdOutput_LED3
003f69d7   _IO_UpdSignal
003f69e0   _Set_LVoltRef
003f69ed   _Get_LVoltRef
003f69f1   _PI_LVolt
003f6a2e   _is_softStartFinished
003f6a3d   _ParametersCtrl
003f6a5c   _SCI_DataRx
003f6a7c   _SCI_DoRx
003f6ab0   _SCI_DoTx
003f6ac8   _SCICommu_Control
003f6acf   _adc_isr
003f6b28   _c_int00
003f6b6c   _InitI2CGpio
003f6b82   _InitI2C
003f6ba8   _main
003f6bdb   _InitSci
003f6bed   _InitSciGpio
003f6bf0   _InitSciaGpio
003f6c06   _InitGpio
003f6c30   _InitPieVectTable
003f6c55   ___memcpy_ff
003f6c76   _InitPieCtrl
003f6c95   _rsvd_ISR
003f6ca4   _USER_ISR
003f6cb3   _InitCpuTimers
003f6ccf   _vInitialInterrupts
003f6cdc   _EnableInterrupts
003f6ce8   __args_main
003f6d01   C$$EXIT
003f6d01   _abort
003f6d03   _exit
003f6d1a   _InitPeripherals
003f6d25   __register_unlock
003f6d29   __register_lock
003f6d2d   __nop
003f6d2e   ___cinit__
003f6d2e   ___etext__
003f6d2e   cinit
003f6d2e   etext
003f7ff8   _CsmPwl
ffffffff   ___binit__
ffffffff   ___c_args__
ffffffff   ___pinit__
ffffffff   binit
ffffffff   pinit

[198 symbols]
