******************************************************************************
             TMS320C2000 Linker PC v6.1.0                      
******************************************************************************
>> Linked Wed Apr 01 19:41:48 2015

OUTPUT FILE NAME:   <BridgeLess_PFC.out>
ENTRY POINT SYMBOL: "_c_int00"  address: 003f6fa3


MEMORY CONFIGURATION

         name            origin    length      used     unused   attr    fill
----------------------  --------  ---------  --------  --------  ----  --------
PAGE 0:
  RAML0                 00008000   00000800  0000001f  000007e1  RWIX
  RAML1                 00008800   00000400  00000000  00000400  RWIX
  OTP                   003d7800   00000400  00000000  00000400  RWIX
  FLASHH                003e8000   00002000  00000000  00002000  RWIX
  FLASHG                003ea000   00002000  00000000  00002000  RWIX
  FLASHF                003ec000   00002000  00000000  00002000  RWIX
  FLASHE                003ee000   00002000  00000000  00002000  RWIX
  FLASHD                003f0000   00002000  0000001f  00001fe1  RWIX
  FLASHC                003f2000   00002000  00000000  00002000  RWIX
  FLASHA                003f6000   00001f80  00001323  00000c5d  RWIX
  CSM_RSVD              003f7f80   00000076  00000000  00000076  RWIX
  BEGIN                 003f7ff6   00000002  00000002  00000000  RWIX
  CSM_PWL_P0            003f7ff8   00000008  00000000  00000008  RWIX
  IQTABLES              003fe000   00000b50  00000000  00000b50  RWIX
  IQTABLES2             003feb50   0000008c  00000000  0000008c  RWIX
  IQTABLES3             003febdc   000000aa  00000000  000000aa  RWIX
  ROM                   003ff27c   00000d44  00000000  00000d44  RWIX
  RESET                 003fffc0   00000002  00000000  00000002  RWIX
  VECTORS               003fffc2   0000003e  00000000  0000003e  RWIX

PAGE 1:
  BOOT_RSVD             00000000   00000050  00000000  00000050  RWIX
  RAMM0                 00000050   000003b0  00000300  000000b0  RWIX
  RAMM1                 00000400   00000400  00000000  00000400  RWIX
  DEV_EMU               00000880   00000105  00000004  00000101  RWIX
  SYS_PWR_CTL           00000985   00000003  00000003  00000000  RWIX
  FLASH_REGS            00000a80   00000060  00000008  00000058  RWIX
  CSM                   00000ae0   00000010  00000010  00000000  RWIX
  ADC_RESULT            00000b00   00000020  00000020  00000000  RWIX
  CPU_TIMER0            00000c00   00000008  00000008  00000000  RWIX
  CPU_TIMER1            00000c08   00000008  00000008  00000000  RWIX
  CPU_TIMER2            00000c10   00000008  00000008  00000000  RWIX
  PIE_CTRL              00000ce0   00000020  0000001a  00000006  RWIX
  PIE_VECT              00000d00   00000100  00000100  00000000  RWIX
  CLA1                  00001400   00000080  00000040  00000040  RWIX
  ECANA                 00006000   00000040  00000034  0000000c  RWIX
  ECANA_LAM             00006040   00000040  00000040  00000000  RWIX
  ECANA_MOTS            00006080   00000040  00000040  00000000  RWIX
  ECANA_MOTO            000060c0   00000040  00000040  00000000  RWIX
  ECANA_MBOX            00006100   00000100  00000100  00000000  RWIX
  COMP1                 00006400   00000020  00000011  0000000f  RWIX
  COMP2                 00006420   00000020  00000011  0000000f  RWIX
  COMP3                 00006440   00000020  00000011  0000000f  RWIX
  EPWM1                 00006800   00000040  0000003a  00000006  RWIX
  EPWM2                 00006840   00000040  0000003a  00000006  RWIX
  EPWM3                 00006880   00000040  0000003a  00000006  RWIX
  EPWM4                 000068c0   00000040  0000003a  00000006  RWIX
  EPWM5                 00006900   00000040  0000003a  00000006  RWIX
  EPWM6                 00006940   00000040  0000003a  00000006  RWIX
  EPWM7                 00006980   00000040  0000003a  00000006  RWIX
  ECAP1                 00006a00   00000020  00000020  00000000  RWIX
  EQEP1                 00006b00   00000040  00000040  00000000  RWIX
  LINA                  00006c00   00000080  0000004a  00000036  RWIX
  GPIOCTRL              00006f80   00000040  00000040  00000000  RWIX
  GPIODAT               00006fc0   00000020  00000020  00000000  RWIX
  GPIOINT               00006fe0   00000020  0000000c  00000014  RWIX
  SYSTEM                00007010   00000020  00000020  00000000  RWIX
  SPIA                  00007040   00000010  00000010  00000000  RWIX
  SCIA                  00007050   00000010  00000010  00000000  RWIX
  NMIINTRUPT            00007060   00000010  00000010  00000000  RWIX
  XINTRUPT              00007070   00000010  00000010  00000000  RWIX
  ADC                   00007100   00000080  00000050  00000030  RWIX
  SPIB                  00007740   00000010  00000010  00000000  RWIX
  I2CA                  00007900   00000040  00000022  0000001e  RWIX
  RAML2                 00008c00   00000400  00000062  0000039e  RWIX
  RAML3                 00009000   00001000  00000000  00001000  RWIX
  PARTID                003d7e80   00000001  00000001  00000000  RWIX
  FLASHB                003f4000   00002000  00000000  00002000  RWIX
  CSM_PWL               003f7ff8   00000008  00000008  00000000  RWIX


SECTION ALLOCATION MAP

 output                                  attributes/
section   page    origin      length       input sections
--------  ----  ----------  ----------   ----------------
.pinit     0    003f6000    00000000     UNINITIALIZED

ramfuncs   0    003f0000    0000001f     RUN ADDR = 00008000
                  003f0000    0000001b     DSP2803x_SysCtrl.obj (ramfuncs)
                  003f001b    00000004     DSP2803x_usDelay.obj (ramfuncs)

.text      0    003f6000    00001195     
                  003f6000    0000049e     DSP28_Operator.obj (.text)
                  003f649e    000002bc     PFC_Main.obj (.text)
                  003f675a    00000239     DSP2803x_Adc.obj (.text)
                  003f6993    00000172     DSP2803x_DefaultIsr.obj (.text:retain)
                  003f6b05    00000137     DSP2803x_SysCtrl.obj (.text)
                  003f6c3c    000000e4     DSP2803x_EPwm.obj (.text)
                  003f6d20    000000b9     PFC_Main.obj (.text:retain)
                  003f6dd9    00000083     rts2800_ml.lib : fd_mpy.obj (.text)
                  003f6e5c    00000078                    : fs_add.obj (.text)
                  003f6ed4    00000075     DSP2803x_CpuTimers.obj (.text)
                  003f6f49    0000005a     rts2800_ml.lib : fs_mpy.obj (.text)
                  003f6fa3    00000044                    : boot.obj (.text)
                  003f6fe7    00000029                    : fs_tol.obj (.text)
                  003f7010    00000028     DSP2803x_PieCtrl.obj (.text)
                  003f7038    00000025     DSP2803x_PieVect.obj (.text)
                  003f705d    00000025     rts2800_ml.lib : fs_toi.obj (.text)
                  003f7082    00000022                    : i_div.obj (.text)
                  003f70a4    00000021                    : memcpy_ff.obj (.text)
                  003f70c5    0000001f                    : fd_tol.obj (.text)
                  003f70e4    0000001d                    : i_tofd.obj (.text)
                  003f7101    00000019                    : args_main.obj (.text)
                  003f711a    00000019                    : exit.obj (.text)
                  003f7133    00000017                    : fs_cmp.obj (.text)
                  003f714a    00000015     DSP2803x_MemCopy.obj (.text)
                  003f715f    00000010     rts2800_ml.lib : u_tofs.obj (.text)
                  003f716f    0000000e     DSP2803x_Gpio.obj (.text)
                  003f717d    00000009     rts2800_ml.lib : _lock.obj (.text)
                  003f7186    00000008     DSP2803x_CodeStartBranch.obj (.text)
                  003f718e    00000007     DSP2803x_DisInt.obj (.text)

.econst    0    003f7196    00000148     
                  003f7196    00000100     DSP2803x_PieVect.obj (.econst)
                  003f7296    0000003b     DSP28_Operator.obj (.econst:_SegCode)
                  003f72d1    00000009     DSP28_Operator.obj (.econst:_LedCode)
                  003f72da    00000004     PFC_Main.obj (.econst)

.cinit     0    003f72de    00000032     
                  003f72de    00000018     DSP28_Operator.obj (.cinit)
                  003f72f6    0000000a     rts2800_ml.lib : _lock.obj (.cinit)
                  003f7300    0000000a                    : exit.obj (.cinit)
                  003f730a    00000004     PFC_Main.obj (.cinit)
                  003f730e    00000002     --HOLE-- [fill = 0]

IQmath     0    003f7310    00000014     
                  003f7310    00000014     IQmath.lib : IQ19toF.obj (IQmath)

codestart 
*          0    003f7ff6    00000002     
                  003f7ff6    00000002     DSP2803x_CodeStartBranch.obj (codestart)

.reset     0    003fffc0    00000002     DSECT
                  003fffc0    00000002     rts2800_ml.lib : boot.obj (.reset)

vectors    0    003fffc2    00000000     DSECT

.stack     1    00000050    00000300     UNINITIALIZED
                  00000050    00000300     --HOLE--

DevEmuRegsFile 
*          1    00000880    00000004     UNINITIALIZED
                  00000880    00000004     DSP2803x_GlobalVariableDefs.obj (DevEmuRegsFile)

SysPwrCtrlRegsFile 
*          1    00000985    00000003     UNINITIALIZED
                  00000985    00000003     DSP2803x_GlobalVariableDefs.obj (SysPwrCtrlRegsFile)

FlashRegsFile 
*          1    00000a80    00000008     UNINITIALIZED
                  00000a80    00000008     DSP2803x_GlobalVariableDefs.obj (FlashRegsFile)

CsmRegsFile 
*          1    00000ae0    00000010     UNINITIALIZED
                  00000ae0    00000010     DSP2803x_GlobalVariableDefs.obj (CsmRegsFile)

AdcResultFile 
*          1    00000b00    00000020     UNINITIALIZED
                  00000b00    00000020     DSP2803x_GlobalVariableDefs.obj (AdcResultFile)

CpuTimer0RegsFile 
*          1    00000c00    00000008     UNINITIALIZED
                  00000c00    00000008     DSP2803x_GlobalVariableDefs.obj (CpuTimer0RegsFile)

CpuTimer1RegsFile 
*          1    00000c08    00000008     UNINITIALIZED
                  00000c08    00000008     DSP2803x_GlobalVariableDefs.obj (CpuTimer1RegsFile)

CpuTimer2RegsFile 
*          1    00000c10    00000008     UNINITIALIZED
                  00000c10    00000008     DSP2803x_GlobalVariableDefs.obj (CpuTimer2RegsFile)

PieCtrlRegsFile 
*          1    00000ce0    0000001a     UNINITIALIZED
                  00000ce0    0000001a     DSP2803x_GlobalVariableDefs.obj (PieCtrlRegsFile)

PieVectTableFile 
*          1    00000d00    00000100     UNINITIALIZED
                  00000d00    00000100     DSP2803x_GlobalVariableDefs.obj (PieVectTableFile)

EmuKeyVar 
*          1    00000d00    00000001     UNINITIALIZED
                  00000d00    00000001     DSP2803x_GlobalVariableDefs.obj (EmuKeyVar)

EmuBModeVar 
*          1    00000d01    00000001     UNINITIALIZED
                  00000d01    00000001     DSP2803x_GlobalVariableDefs.obj (EmuBModeVar)

FlashCallbackVar 
*          1    00000d02    00000002     UNINITIALIZED
                  00000d02    00000002     DSP2803x_GlobalVariableDefs.obj (FlashCallbackVar)

FlashScalingVar 
*          1    00000d04    00000002     UNINITIALIZED
                  00000d04    00000002     DSP2803x_GlobalVariableDefs.obj (FlashScalingVar)

Cla1RegsFile 
*          1    00001400    00000040     UNINITIALIZED
                  00001400    00000040     DSP2803x_GlobalVariableDefs.obj (Cla1RegsFile)

ECanaRegsFile 
*          1    00006000    00000034     UNINITIALIZED
                  00006000    00000034     DSP2803x_GlobalVariableDefs.obj (ECanaRegsFile)

ECanaLAMRegsFile 
*          1    00006040    00000040     UNINITIALIZED
                  00006040    00000040     DSP2803x_GlobalVariableDefs.obj (ECanaLAMRegsFile)

ECanaMOTSRegsFile 
*          1    00006080    00000040     UNINITIALIZED
                  00006080    00000040     DSP2803x_GlobalVariableDefs.obj (ECanaMOTSRegsFile)

ECanaMOTORegsFile 
*          1    000060c0    00000040     UNINITIALIZED
                  000060c0    00000040     DSP2803x_GlobalVariableDefs.obj (ECanaMOTORegsFile)

ECanaMboxesFile 
*          1    00006100    00000100     UNINITIALIZED
                  00006100    00000100     DSP2803x_GlobalVariableDefs.obj (ECanaMboxesFile)

Comp1RegsFile 
*          1    00006400    00000011     UNINITIALIZED
                  00006400    00000011     DSP2803x_GlobalVariableDefs.obj (Comp1RegsFile)

Comp2RegsFile 
*          1    00006420    00000011     UNINITIALIZED
                  00006420    00000011     DSP2803x_GlobalVariableDefs.obj (Comp2RegsFile)

Comp3RegsFile 
*          1    00006440    00000011     UNINITIALIZED
                  00006440    00000011     DSP2803x_GlobalVariableDefs.obj (Comp3RegsFile)

EPwm1RegsFile 
*          1    00006800    0000003a     UNINITIALIZED
                  00006800    0000003a     DSP2803x_GlobalVariableDefs.obj (EPwm1RegsFile)

EPwm2RegsFile 
*          1    00006840    0000003a     UNINITIALIZED
                  00006840    0000003a     DSP2803x_GlobalVariableDefs.obj (EPwm2RegsFile)

EPwm3RegsFile 
*          1    00006880    0000003a     UNINITIALIZED
                  00006880    0000003a     DSP2803x_GlobalVariableDefs.obj (EPwm3RegsFile)

EPwm4RegsFile 
*          1    000068c0    0000003a     UNINITIALIZED
                  000068c0    0000003a     DSP2803x_GlobalVariableDefs.obj (EPwm4RegsFile)

EPwm5RegsFile 
*          1    00006900    0000003a     UNINITIALIZED
                  00006900    0000003a     DSP2803x_GlobalVariableDefs.obj (EPwm5RegsFile)

EPwm6RegsFile 
*          1    00006940    0000003a     UNINITIALIZED
                  00006940    0000003a     DSP2803x_GlobalVariableDefs.obj (EPwm6RegsFile)

EPwm7RegsFile 
*          1    00006980    0000003a     UNINITIALIZED
                  00006980    0000003a     DSP2803x_GlobalVariableDefs.obj (EPwm7RegsFile)

ECap1RegsFile 
*          1    00006a00    00000020     UNINITIALIZED
                  00006a00    00000020     DSP2803x_GlobalVariableDefs.obj (ECap1RegsFile)

EQep1RegsFile 
*          1    00006b00    00000040     UNINITIALIZED
                  00006b00    00000040     DSP2803x_GlobalVariableDefs.obj (EQep1RegsFile)

LinaRegsFile 
*          1    00006c00    0000004a     UNINITIALIZED
                  00006c00    0000004a     DSP2803x_GlobalVariableDefs.obj (LinaRegsFile)

GpioCtrlRegsFile 
*          1    00006f80    00000040     UNINITIALIZED
                  00006f80    00000040     DSP2803x_GlobalVariableDefs.obj (GpioCtrlRegsFile)

GpioDataRegsFile 
*          1    00006fc0    00000020     UNINITIALIZED
                  00006fc0    00000020     DSP2803x_GlobalVariableDefs.obj (GpioDataRegsFile)

GpioIntRegsFile 
*          1    00006fe0    0000000c     UNINITIALIZED
                  00006fe0    0000000c     DSP2803x_GlobalVariableDefs.obj (GpioIntRegsFile)

SysCtrlRegsFile 
*          1    00007010    00000020     UNINITIALIZED
                  00007010    00000020     DSP2803x_GlobalVariableDefs.obj (SysCtrlRegsFile)

SpiaRegsFile 
*          1    00007040    00000010     UNINITIALIZED
                  00007040    00000010     DSP2803x_GlobalVariableDefs.obj (SpiaRegsFile)

SciaRegsFile 
*          1    00007050    00000010     UNINITIALIZED
                  00007050    00000010     DSP2803x_GlobalVariableDefs.obj (SciaRegsFile)

NmiIntruptRegsFile 
*          1    00007060    00000010     UNINITIALIZED
                  00007060    00000010     DSP2803x_GlobalVariableDefs.obj (NmiIntruptRegsFile)

XIntruptRegsFile 
*          1    00007070    00000010     UNINITIALIZED
                  00007070    00000010     DSP2803x_GlobalVariableDefs.obj (XIntruptRegsFile)

AdcRegsFile 
*          1    00007100    00000050     UNINITIALIZED
                  00007100    00000050     DSP2803x_GlobalVariableDefs.obj (AdcRegsFile)

SpibRegsFile 
*          1    00007740    00000010     UNINITIALIZED
                  00007740    00000010     DSP2803x_GlobalVariableDefs.obj (SpibRegsFile)

I2caRegsFile 
*          1    00007900    00000022     UNINITIALIZED
                  00007900    00000022     DSP2803x_GlobalVariableDefs.obj (I2caRegsFile)

.ebss      1    00008c00    00000062     UNINITIALIZED
                  00008c00    0000003b     PFC_Main.obj (.ebss)
                  00008c3b    00000001     --HOLE--
                  00008c3c    00000004     rts2800_ml.lib : _lock.obj (.ebss)
                  00008c40    00000018     DSP2803x_CpuTimers.obj (.ebss)
                  00008c58    00000006     DSP28_Operator.obj (.ebss)
                  00008c5e    00000004     rts2800_ml.lib : exit.obj (.ebss)

PartIdRegsFile 
*          1    003d7e80    00000001     UNINITIALIZED
                  003d7e80    00000001     DSP2803x_GlobalVariableDefs.obj (PartIdRegsFile)

CsmPwlFile 
*          1    003f7ff8    00000008     UNINITIALIZED
                  003f7ff8    00000008     DSP2803x_GlobalVariableDefs.obj (CsmPwlFile)


GLOBAL SYMBOLS: SORTED ALPHABETICALLY BY Name 

address    name
--------   ----
003f6000   .text
003f711a   C$$EXIT
003f6dd9   FD$$MPY
003f70c5   FD$$TOL
003f6e61   FS$$ADD
003f7133   FS$$CMP
003f6f49   FS$$MPY
003f6e5c   FS$$SUB
003f705d   FS$$TOI
003f6fe7   FS$$TOL
003f7082   I$$DIV
003f7093   I$$MOD
003f70e4   I$$TOFD
003f715f   U$$TOFS
003f69f2   _ADCINT1_ISR
003f69f7   _ADCINT2_ISR
003f6aa1   _ADCINT3_ISR
003f6aa6   _ADCINT4_ISR
003f6aab   _ADCINT5_ISR
003f6ab0   _ADCINT6_ISR
003f6ab5   _ADCINT7_ISR
003f6aba   _ADCINT8_ISR
003f6a06   _ADCINT9_ISR
003f67f7   _AdcChanSelect
003f686c   _AdcConversion
003f67d0   _AdcOffsetSelfCal
00007100   _AdcRegs
00000b00   _AdcResult
00008c0b   _Adc_Vf
003f6abf   _CLA1_INT1_ISR
003f6ac4   _CLA1_INT2_ISR
003f6ac9   _CLA1_INT3_ISR
003f6ace   _CLA1_INT4_ISR
003f6ad3   _CLA1_INT5_ISR
003f6ad8   _CLA1_INT6_ISR
003f6add   _CLA1_INT7_ISR
003f6ae2   _CLA1_INT8_ISR
00001400   _Cla1Regs
00006400   _Comp1Regs
00006420   _Comp2Regs
00006440   _Comp3Regs
003f6778   _ConfigAdc
003f6f15   _ConfigCpuTimer
00008c17   _ControlFlag
00008c15   _ControlStateFlag
00008c10   _ConversionCount
00008c50   _CpuTimer0
00000c00   _CpuTimer0Regs
00008c40   _CpuTimer1
00000c08   _CpuTimer1Regs
00008c48   _CpuTimer2
00000c10   _CpuTimer2Regs
003f7ff8   _CsmPwl
00000ae0   _CsmRegs
003f6bbd   _CsmUnlock
003f699d   _DATALOG_ISR
003f718e   _DSP28x_DisableInt
003f7192   _DSP28x_RestoreInt
0000801b   _DSP28x_usDelay
00000880   _DevEmuRegs
003f6b29   _DisableDog
00008c2e   _DisplayNum
00008c06   _DistinguishDisplayFlag
003f608f   _DynamicDisplay
003f6a97   _ECAN0INTA_ISR
003f6a9c   _ECAN1INTA_ISR
003f6a5b   _ECAP1_INT_ISR
00006040   _ECanaLAMRegs
000060c0   _ECanaMOTORegs
00006080   _ECanaMOTSRegs
00006100   _ECanaMboxes
00006000   _ECanaRegs
00006a00   _ECap1Regs
003f6af6   _EMPTY_ISR
003f69a7   _EMUINT_ISR
003f6a38   _EPWM1_INT_ISR
003f6a15   _EPWM1_TZINT_ISR
003f6a3d   _EPWM2_INT_ISR
003f6a1a   _EPWM2_TZINT_ISR
003f6a42   _EPWM3_INT_ISR
003f6a1f   _EPWM3_TZINT_ISR
003f6a47   _EPWM4_INT_ISR
003f6a24   _EPWM4_TZINT_ISR
003f6a4c   _EPWM5_INT_ISR
003f6a29   _EPWM5_TZINT_ISR
003f6a51   _EPWM6_INT_ISR
003f6a2e   _EPWM6_TZINT_ISR
003f6a56   _EPWM7_INT_ISR
003f6a33   _EPWM7_TZINT_ISR
00006800   _EPwm1Regs
00006840   _EPwm2Regs
00006880   _EPwm3Regs
000068c0   _EPwm4Regs
00006900   _EPwm5Regs
00006940   _EPwm6Regs
00006980   _EPwm7Regs
003f6a60   _EQEP1_INT_ISR
00006b00   _EQep1Regs
00000d01   _EmuBMode
00000d00   _EmuKey
003f702f   _EnableInterrupts
003f6c26   _ExtOscSel
00000a80   _FlashRegs
00000d04   _Flash_CPUScaleFactor
00000d02   _Flash_CallbackPtr
00006f80   _GpioCtrlRegs
00006fc0   _GpioDataRegs
00006fe0   _GpioIntRegs
003f6a79   _I2CINT1A_ISR
003f6a7e   _I2CINT2A_ISR
00007900   _I2caRegs
003f69b1   _ILLEGAL_ISR
003f6993   _INT13_ISR
003f6998   _INT14_ISR
003f675a   _InitAdc
003f67ae   _InitAdcAio
003f6ed4   _InitCpuTimers
003f6c3c   _InitEPwm
003f6c6c   _InitEPwm1Gpio
003f6c7e   _InitEPwm2Gpio
003f6c90   _InitEPwm3Gpio
003f6ca4   _InitEPwm4Gpio
003f6cb8   _InitEPwm5Gpio
003f6cca   _InitEPwm6Gpio
003f6cdc   _InitEPwm7Gpio
003f6c5d   _InitEPwmGpio
003f6cee   _InitEPwmSyncGpio
00008000   _InitFlash
003f716f   _InitGpio
003f6000   _InitOperator
003f6b81   _InitPeripheralClocks
003f7010   _InitPieCtrl
003f7038   _InitPieVectTable
003f6b31   _InitPll
003f6b05   _InitSysCtrl
003f6cff   _InitTzGpio
003f6bee   _IntOsc1Sel
003f6bfe   _IntOsc2Sel
00008c03   _KeyCount
00008c34   _Ki
00008c22   _Kp
003f6a8d   _LIN0INTA_ISR
003f6a92   _LIN1INTA_ISR
003f6af1   _LUF_ISR
003f6aec   _LVF_ISR
003f72d1   _LedCode
00006c00   _LinaRegs
00008c01   _LoopCount
003f714a   _MemCopy
003f69ac   _NMI_ISR
00007060   _NmiIntruptRegs
003f671f   _PID
00008c28   _PID_DUK
00008c24   _PID_EK
00008c20   _PID_EK1
00008c18   _PID_UK
003f6afb   _PIE_RESERVED
003d7e80   _PartIdRegs
00000ce0   _PieCtrlRegs
00000d00   _PieVectTable
003f7196   _PieVectTableInit
00008c09   _ProgStateFlag
003f69a2   _RTOSINT_ISR
003f001f   _RamfuncsLoadEnd
003f0000   _RamfuncsLoadStart
00008000   _RamfuncsRunStart
003f6443   _ReadKey
003f6a83   _SCIRXINTA_ISR
003f6a88   _SCITXINTA_ISR
003f6a65   _SPIRXINTA_ISR
003f6a6f   _SPIRXINTB_ISR
003f6a6a   _SPITXINTA_ISR
003f6a74   _SPITXINTB_ISR
00007050   _SciaRegs
003f7296   _SegCode
00008c0a   _SelfOffSet0
00008c0c   _SelfOffSet1
00008c30   _SelfOffSetSum0
00008c36   _SelfOffSetSum1
003f6b1f   _ServiceDog
003f6024   _ShiftByte
00008c07   _ShiftStateFlag
003f6060   _ShiftWord
003f622d   _ShowFloat
003f6391   _ShowFloatThree
003f62df   _ShowFloatTwo
003f60e0   _ShowInt
003f6186   _ShowIntAndLed
00007040   _SpiaRegs
00007740   _SpibRegs
00007010   _SysCtrlRegs
00000985   _SysPwrCtrlRegs
00008c00   _T0DisplayCount
003f6a0b   _TINT0_ISR
00008c02   _ToggleDisplayNumFlag
003f69e3   _USER10_ISR
003f69e8   _USER11_ISR
003f69ed   _USER12_ISR
003f69b6   _USER1_ISR
003f69bb   _USER2_ISR
003f69c0   _USER3_ISR
003f69c5   _USER4_ISR
003f69ca   _USER5_ISR
003f69cf   _USER6_ISR
003f69d4   _USER7_ISR
003f69d9   _USER8_ISR
003f69de   _USER9_ISR
00008c38   _Voltage1
00008c1a   _VoltageDisp
00008c32   _VoltageSum
003f6a10   _WAKEINT_ISR
003f69fc   _XINT1_ISR
003f6a01   _XINT2_ISR
003f6ae7   _XINT3_ISR
00007070   _XIntruptRegs
003f6c12   _XtalOscSel
003f7310   __IQ19toF
00000350   __STACK_END
00000300   __STACK_SIZE
00000001   __TI_args_main
ffffffff   ___binit__
ffffffff   ___c_args__
003f72de   ___cinit__
003f7195   ___etext__
003f70a4   ___memcpy_ff
ffffffff   ___pinit__
003f6000   ___text__
003f7101   __args_main
00008c5e   __cleanup_ptr
00008c60   __dtors_ptr
00008c3e   __lock
003f7185   __nop
003f7181   __register_lock
003f717d   __register_unlock
00000050   __stack
00008c3c   __unlock
003f711a   _abort
00008c16   _cPID_EN_Flag
00008c08   _cSelfOffSetFlag
00008c05   _cStopFlag
003f6fa3   _c_int00
003f6d20   _cpu_timer0_isr
003f711c   _exit
00008c2c   _fDisplaykk
00008c0e   _iAdc_Is
00008c0d   _iCmpaClipper
00008c1e   _kk
00008c2a   _kkClipperL
00008c26   _kkClipperS
00008c1c   _kk_temp
00008c04   _mSafeSampleCount
00008c0f   _mSelfOffSetCount
003f649e   _main
003f6b00   _rsvd_ISR
00008c11   _wCmpaTemp
00008c12   _wVoltage_reg_Disp
00008c13   _wVoltage_reg_avg
ffffffff   binit
003f72de   cinit
003f7ff6   code_start
003f7195   etext
ffffffff   pinit


GLOBAL SYMBOLS: SORTED BY Symbol Address 

address    name
--------   ----
00000001   __TI_args_main
00000050   __stack
00000300   __STACK_SIZE
00000350   __STACK_END
00000880   _DevEmuRegs
00000985   _SysPwrCtrlRegs
00000a80   _FlashRegs
00000ae0   _CsmRegs
00000b00   _AdcResult
00000c00   _CpuTimer0Regs
00000c08   _CpuTimer1Regs
00000c10   _CpuTimer2Regs
00000ce0   _PieCtrlRegs
00000d00   _EmuKey
00000d00   _PieVectTable
00000d01   _EmuBMode
00000d02   _Flash_CallbackPtr
00000d04   _Flash_CPUScaleFactor
00001400   _Cla1Regs
00006000   _ECanaRegs
00006040   _ECanaLAMRegs
00006080   _ECanaMOTSRegs
000060c0   _ECanaMOTORegs
00006100   _ECanaMboxes
00006400   _Comp1Regs
00006420   _Comp2Regs
00006440   _Comp3Regs
00006800   _EPwm1Regs
00006840   _EPwm2Regs
00006880   _EPwm3Regs
000068c0   _EPwm4Regs
00006900   _EPwm5Regs
00006940   _EPwm6Regs
00006980   _EPwm7Regs
00006a00   _ECap1Regs
00006b00   _EQep1Regs
00006c00   _LinaRegs
00006f80   _GpioCtrlRegs
00006fc0   _GpioDataRegs
00006fe0   _GpioIntRegs
00007010   _SysCtrlRegs
00007040   _SpiaRegs
00007050   _SciaRegs
00007060   _NmiIntruptRegs
00007070   _XIntruptRegs
00007100   _AdcRegs
00007740   _SpibRegs
00007900   _I2caRegs
00008000   _InitFlash
00008000   _RamfuncsRunStart
0000801b   _DSP28x_usDelay
00008c00   _T0DisplayCount
00008c01   _LoopCount
00008c02   _ToggleDisplayNumFlag
00008c03   _KeyCount
00008c04   _mSafeSampleCount
00008c05   _cStopFlag
00008c06   _DistinguishDisplayFlag
00008c07   _ShiftStateFlag
00008c08   _cSelfOffSetFlag
00008c09   _ProgStateFlag
00008c0a   _SelfOffSet0
00008c0b   _Adc_Vf
00008c0c   _SelfOffSet1
00008c0d   _iCmpaClipper
00008c0e   _iAdc_Is
00008c0f   _mSelfOffSetCount
00008c10   _ConversionCount
00008c11   _wCmpaTemp
00008c12   _wVoltage_reg_Disp
00008c13   _wVoltage_reg_avg
00008c15   _ControlStateFlag
00008c16   _cPID_EN_Flag
00008c17   _ControlFlag
00008c18   _PID_UK
00008c1a   _VoltageDisp
00008c1c   _kk_temp
00008c1e   _kk
00008c20   _PID_EK1
00008c22   _Kp
00008c24   _PID_EK
00008c26   _kkClipperS
00008c28   _PID_DUK
00008c2a   _kkClipperL
00008c2c   _fDisplaykk
00008c2e   _DisplayNum
00008c30   _SelfOffSetSum0
00008c32   _VoltageSum
00008c34   _Ki
00008c36   _SelfOffSetSum1
00008c38   _Voltage1
00008c3c   __unlock
00008c3e   __lock
00008c40   _CpuTimer1
00008c48   _CpuTimer2
00008c50   _CpuTimer0
00008c5e   __cleanup_ptr
00008c60   __dtors_ptr
003d7e80   _PartIdRegs
003f0000   _RamfuncsLoadStart
003f001f   _RamfuncsLoadEnd
003f6000   .text
003f6000   _InitOperator
003f6000   ___text__
003f6024   _ShiftByte
003f6060   _ShiftWord
003f608f   _DynamicDisplay
003f60e0   _ShowInt
003f6186   _ShowIntAndLed
003f622d   _ShowFloat
003f62df   _ShowFloatTwo
003f6391   _ShowFloatThree
003f6443   _ReadKey
003f649e   _main
003f671f   _PID
003f675a   _InitAdc
003f6778   _ConfigAdc
003f67ae   _InitAdcAio
003f67d0   _AdcOffsetSelfCal
003f67f7   _AdcChanSelect
003f686c   _AdcConversion
003f6993   _INT13_ISR
003f6998   _INT14_ISR
003f699d   _DATALOG_ISR
003f69a2   _RTOSINT_ISR
003f69a7   _EMUINT_ISR
003f69ac   _NMI_ISR
003f69b1   _ILLEGAL_ISR
003f69b6   _USER1_ISR
003f69bb   _USER2_ISR
003f69c0   _USER3_ISR
003f69c5   _USER4_ISR
003f69ca   _USER5_ISR
003f69cf   _USER6_ISR
003f69d4   _USER7_ISR
003f69d9   _USER8_ISR
003f69de   _USER9_ISR
003f69e3   _USER10_ISR
003f69e8   _USER11_ISR
003f69ed   _USER12_ISR
003f69f2   _ADCINT1_ISR
003f69f7   _ADCINT2_ISR
003f69fc   _XINT1_ISR
003f6a01   _XINT2_ISR
003f6a06   _ADCINT9_ISR
003f6a0b   _TINT0_ISR
003f6a10   _WAKEINT_ISR
003f6a15   _EPWM1_TZINT_ISR
003f6a1a   _EPWM2_TZINT_ISR
003f6a1f   _EPWM3_TZINT_ISR
003f6a24   _EPWM4_TZINT_ISR
003f6a29   _EPWM5_TZINT_ISR
003f6a2e   _EPWM6_TZINT_ISR
003f6a33   _EPWM7_TZINT_ISR
003f6a38   _EPWM1_INT_ISR
003f6a3d   _EPWM2_INT_ISR
003f6a42   _EPWM3_INT_ISR
003f6a47   _EPWM4_INT_ISR
003f6a4c   _EPWM5_INT_ISR
003f6a51   _EPWM6_INT_ISR
003f6a56   _EPWM7_INT_ISR
003f6a5b   _ECAP1_INT_ISR
003f6a60   _EQEP1_INT_ISR
003f6a65   _SPIRXINTA_ISR
003f6a6a   _SPITXINTA_ISR
003f6a6f   _SPIRXINTB_ISR
003f6a74   _SPITXINTB_ISR
003f6a79   _I2CINT1A_ISR
003f6a7e   _I2CINT2A_ISR
003f6a83   _SCIRXINTA_ISR
003f6a88   _SCITXINTA_ISR
003f6a8d   _LIN0INTA_ISR
003f6a92   _LIN1INTA_ISR
003f6a97   _ECAN0INTA_ISR
003f6a9c   _ECAN1INTA_ISR
003f6aa1   _ADCINT3_ISR
003f6aa6   _ADCINT4_ISR
003f6aab   _ADCINT5_ISR
003f6ab0   _ADCINT6_ISR
003f6ab5   _ADCINT7_ISR
003f6aba   _ADCINT8_ISR
003f6abf   _CLA1_INT1_ISR
003f6ac4   _CLA1_INT2_ISR
003f6ac9   _CLA1_INT3_ISR
003f6ace   _CLA1_INT4_ISR
003f6ad3   _CLA1_INT5_ISR
003f6ad8   _CLA1_INT6_ISR
003f6add   _CLA1_INT7_ISR
003f6ae2   _CLA1_INT8_ISR
003f6ae7   _XINT3_ISR
003f6aec   _LVF_ISR
003f6af1   _LUF_ISR
003f6af6   _EMPTY_ISR
003f6afb   _PIE_RESERVED
003f6b00   _rsvd_ISR
003f6b05   _InitSysCtrl
003f6b1f   _ServiceDog
003f6b29   _DisableDog
003f6b31   _InitPll
003f6b81   _InitPeripheralClocks
003f6bbd   _CsmUnlock
003f6bee   _IntOsc1Sel
003f6bfe   _IntOsc2Sel
003f6c12   _XtalOscSel
003f6c26   _ExtOscSel
003f6c3c   _InitEPwm
003f6c5d   _InitEPwmGpio
003f6c6c   _InitEPwm1Gpio
003f6c7e   _InitEPwm2Gpio
003f6c90   _InitEPwm3Gpio
003f6ca4   _InitEPwm4Gpio
003f6cb8   _InitEPwm5Gpio
003f6cca   _InitEPwm6Gpio
003f6cdc   _InitEPwm7Gpio
003f6cee   _InitEPwmSyncGpio
003f6cff   _InitTzGpio
003f6d20   _cpu_timer0_isr
003f6dd9   FD$$MPY
003f6e5c   FS$$SUB
003f6e61   FS$$ADD
003f6ed4   _InitCpuTimers
003f6f15   _ConfigCpuTimer
003f6f49   FS$$MPY
003f6fa3   _c_int00
003f6fe7   FS$$TOL
003f7010   _InitPieCtrl
003f702f   _EnableInterrupts
003f7038   _InitPieVectTable
003f705d   FS$$TOI
003f7082   I$$DIV
003f7093   I$$MOD
003f70a4   ___memcpy_ff
003f70c5   FD$$TOL
003f70e4   I$$TOFD
003f7101   __args_main
003f711a   C$$EXIT
003f711a   _abort
003f711c   _exit
003f7133   FS$$CMP
003f714a   _MemCopy
003f715f   U$$TOFS
003f716f   _InitGpio
003f717d   __register_unlock
003f7181   __register_lock
003f7185   __nop
003f718e   _DSP28x_DisableInt
003f7192   _DSP28x_RestoreInt
003f7195   ___etext__
003f7195   etext
003f7196   _PieVectTableInit
003f7296   _SegCode
003f72d1   _LedCode
003f72de   ___cinit__
003f72de   cinit
003f7310   __IQ19toF
003f7ff6   code_start
003f7ff8   _CsmPwl
ffffffff   ___binit__
ffffffff   ___c_args__
ffffffff   ___pinit__
ffffffff   binit
ffffffff   pinit

[262 symbols]
