******************************************************************************
             TMS320C2000 Linker PC v6.2.7                      
******************************************************************************
>> Linked Sun Mar 11 18:41:35 2018

OUTPUT FILE NAME:   <F28035.out>
ENTRY POINT SYMBOL: "_c_int00"  address: 003f6eb0


MEMORY CONFIGURATION

         name            origin    length      used     unused   attr    fill
----------------------  --------  ---------  --------  --------  ----  --------
PAGE 0:
  RAML0                 00008000   00000800  0000001f  000007e1  RWIX
  RAML1                 00008800   00000400  00000000  00000400  RWIX
  OTP                   003d7800   00000400  00000000  00000400  RWIX
  FLASHH                003e8000   00002000  00000000  00002000  RWIX
  FLASHG                003ea000   00002000  00000000  00002000  RWIX
  FLASHF                003ec000   00002000  00000000  00002000  RWIX
  FLASHE                003ee000   00002000  00000000  00002000  RWIX
  FLASHD                003f0000   00002000  0000001f  00001fe1  RWIX
  FLASHC                003f2000   00002000  00000000  00002000  RWIX
  FLASHA                003f6000   00001f80  00001274  00000d0c  RWIX
  CSM_RSVD              003f7f80   00000076  00000000  00000076  RWIX
  BEGIN                 003f7ff6   00000002  00000002  00000000  RWIX
  CSM_PWL_P0            003f7ff8   00000008  00000000  00000008  RWIX
  IQTABLES              003fe000   00000b50  00000000  00000b50  RWIX
  IQTABLES2             003feb50   0000008c  00000000  0000008c  RWIX
  IQTABLES3             003febdc   000000aa  00000000  000000aa  RWIX
  ROM                   003ff27c   00000d44  00000000  00000d44  RWIX
  RESET                 003fffc0   00000002  00000000  00000002  RWIX
  VECTORS               003fffc2   0000003e  00000000  0000003e  RWIX

PAGE 1:
  BOOT_RSVD             00000000   00000050  00000000  00000050  RWIX
  RAMM0                 00000050   000003b0  00000300  000000b0  RWIX
  RAMM1                 00000400   00000400  00000000  00000400  RWIX
  DEV_EMU               00000880   00000105  00000004  00000101  RWIX
  SYS_PWR_CTL           00000985   00000003  00000003  00000000  RWIX
  FLASH_REGS            00000a80   00000060  00000008  00000058  RWIX
  CSM                   00000ae0   00000010  00000010  00000000  RWIX
  ADC_RESULT            00000b00   00000020  00000020  00000000  RWIX
  CPU_TIMER0            00000c00   00000008  00000008  00000000  RWIX
  CPU_TIMER1            00000c08   00000008  00000008  00000000  RWIX
  CPU_TIMER2            00000c10   00000008  00000008  00000000  RWIX
  PIE_CTRL              00000ce0   00000020  0000001a  00000006  RWIX
  PIE_VECT              00000d00   00000100  00000100  00000000  RWIX
  CLA1                  00001400   00000080  00000040  00000040  RWIX
  ECANA                 00006000   00000040  00000034  0000000c  RWIX
  ECANA_LAM             00006040   00000040  00000040  00000000  RWIX
  ECANA_MOTS            00006080   00000040  00000040  00000000  RWIX
  ECANA_MOTO            000060c0   00000040  00000040  00000000  RWIX
  ECANA_MBOX            00006100   00000100  00000100  00000000  RWIX
  COMP1                 00006400   00000020  00000011  0000000f  RWIX
  COMP2                 00006420   00000020  00000011  0000000f  RWIX
  COMP3                 00006440   00000020  00000011  0000000f  RWIX
  EPWM1                 00006800   00000040  0000003a  00000006  RWIX
  EPWM2                 00006840   00000040  0000003a  00000006  RWIX
  EPWM3                 00006880   00000040  0000003a  00000006  RWIX
  EPWM4                 000068c0   00000040  0000003a  00000006  RWIX
  EPWM5                 00006900   00000040  0000003a  00000006  RWIX
  EPWM6                 00006940   00000040  0000003a  00000006  RWIX
  EPWM7                 00006980   00000040  0000003a  00000006  RWIX
  ECAP1                 00006a00   00000020  00000020  00000000  RWIX
  EQEP1                 00006b00   00000040  00000040  00000000  RWIX
  LINA                  00006c00   00000080  0000004a  00000036  RWIX
  GPIOCTRL              00006f80   00000040  00000040  00000000  RWIX
  GPIODAT               00006fc0   00000020  00000020  00000000  RWIX
  GPIOINT               00006fe0   00000020  0000000c  00000014  RWIX
  SYSTEM                00007010   00000020  00000020  00000000  RWIX
  SPIA                  00007040   00000010  00000010  00000000  RWIX
  SCIA                  00007050   00000010  00000010  00000000  RWIX
  NMIINTRUPT            00007060   00000010  00000010  00000000  RWIX
  XINTRUPT              00007070   00000010  00000010  00000000  RWIX
  ADC                   00007100   00000080  00000050  00000030  RWIX
  SPIB                  00007740   00000010  00000010  00000000  RWIX
  I2CA                  00007900   00000040  00000022  0000001e  RWIX
  RAML2                 00008c00   00000400  000003e4  0000001c  RWIX
  RAML3                 00009000   00001000  00000000  00001000  RWIX
  PARTID                003d7e80   00000001  00000001  00000000  RWIX
  FLASHB                003f4000   00002000  00000000  00002000  RWIX
  CSM_PWL               003f7ff8   00000008  00000008  00000000  RWIX


SECTION ALLOCATION MAP

 output                                  attributes/
section   page    origin      length       input sections
--------  ----  ----------  ----------   ----------------
.pinit     0    003f6000    00000000     UNINITIALIZED

ramfuncs   0    003f0000    0000001f     RUN ADDR = 00008000
                  003f0000    0000001b     DSP2803x_SysCtrl.obj (ramfuncs)
                  003f001b    00000004     DSP2803x_usDelay.obj (ramfuncs)

.text      0    003f6000    00001097     
                  003f6000    00000291     DSP2803x_EPwm.obj (.text)
                  003f6291    00000263     DSP2803x_Adc.obj (.text)
                  003f64f4    000001f1     App_stateCtrl.obj (.text)
                  003f66e5    000001cc     analogChk_control.obj (.text)
                  003f68b1    00000181     DSP2803x_DefaultIsr.obj (.text:retain)
                  003f6a32    0000013b     DSP2803x_SysCtrl.obj (.text)
                  003f6b6d    00000126     Signal_IOCtrl.obj (.text)
                  003f6c93    000000c3     power_loopCtrl.obj (.text:retain)
                  003f6d56    000000b9     power_loopCtrl.obj (.text)
                  003f6e0f    000000a1     SCICommu_Ctrl.obj (.text)
                  003f6eb0    00000044     rts2800_ml.lib : boot.obj (.text)
                  003f6ef4    0000003b     main.obj (.text)
                  003f6f2f    00000036     DSP2803x_CpuTimers.obj (.text)
                  003f6f65    0000002b     DSP2803x_Sci.obj (.text)
                  003f6f90    0000002a     DSP2803x_Gpio.obj (.text)
                  003f6fba    00000028     DSP2803x_PieCtrl.obj (.text)
                  003f6fe2    00000023     DSP2803x_PieVect.obj (.text)
                  003f7005    00000021     rts2800_ml.lib : memcpy_ff.obj (.text)
                  003f7026    0000001c     Interrupt_Ctrl.obj (.text)
                  003f7042    00000019     rts2800_ml.lib : args_main.obj (.text)
                  003f705b    00000019                    : exit.obj (.text)
                  003f7074    0000000b     DSP2803x_InitPeripherals.obj (.text)
                  003f707f    00000009     rts2800_ml.lib : _lock.obj (.text)
                  003f7088    00000008     DSP2803x_CodeStartBranch.obj (.text)
                  003f7090    00000007     DSP2803x_DisInt.obj (.text)

.econst    0    003f7098    00000100     
                  003f7098    00000100     DSP2803x_PieVect.obj (.econst)

.cinit     0    003f7198    000000dd     
                  003f7198    0000004e     analogChk_control.obj (.cinit)
                  003f71e6    00000038     power_loopCtrl.obj (.cinit)
                  003f721e    0000001a     SCICommu_Ctrl.obj (.cinit)
                  003f7238    00000019     Signal_IOCtrl.obj (.cinit)
                  003f7251    0000000e     App_stateCtrl.obj (.cinit)
                  003f725f    0000000a     rts2800_ml.lib : _lock.obj (.cinit)
                  003f7269    0000000a                    : exit.obj (.cinit)
                  003f7273    00000002     --HOLE-- [fill = 0]

codestart 
*          0    003f7ff6    00000002     
                  003f7ff6    00000002     DSP2803x_CodeStartBranch.obj (codestart)

.reset     0    003fffc0    00000002     DSECT
                  003fffc0    00000002     rts2800_ml.lib : boot.obj (.reset)

vectors    0    003fffc2    00000000     DSECT

.stack     1    00000050    00000300     UNINITIALIZED
                  00000050    00000300     --HOLE--

DevEmuRegsFile 
*          1    00000880    00000004     UNINITIALIZED
                  00000880    00000004     DSP2803x_GlobalVariableDefs.obj (DevEmuRegsFile)

SysPwrCtrlRegsFile 
*          1    00000985    00000003     UNINITIALIZED
                  00000985    00000003     DSP2803x_GlobalVariableDefs.obj (SysPwrCtrlRegsFile)

FlashRegsFile 
*          1    00000a80    00000008     UNINITIALIZED
                  00000a80    00000008     DSP2803x_GlobalVariableDefs.obj (FlashRegsFile)

CsmRegsFile 
*          1    00000ae0    00000010     UNINITIALIZED
                  00000ae0    00000010     DSP2803x_GlobalVariableDefs.obj (CsmRegsFile)

AdcResultFile 
*          1    00000b00    00000020     UNINITIALIZED
                  00000b00    00000020     DSP2803x_GlobalVariableDefs.obj (AdcResultFile)

CpuTimer0RegsFile 
*          1    00000c00    00000008     UNINITIALIZED
                  00000c00    00000008     DSP2803x_GlobalVariableDefs.obj (CpuTimer0RegsFile)

CpuTimer1RegsFile 
*          1    00000c08    00000008     UNINITIALIZED
                  00000c08    00000008     DSP2803x_GlobalVariableDefs.obj (CpuTimer1RegsFile)

CpuTimer2RegsFile 
*          1    00000c10    00000008     UNINITIALIZED
                  00000c10    00000008     DSP2803x_GlobalVariableDefs.obj (CpuTimer2RegsFile)

PieCtrlRegsFile 
*          1    00000ce0    0000001a     UNINITIALIZED
                  00000ce0    0000001a     DSP2803x_GlobalVariableDefs.obj (PieCtrlRegsFile)

PieVectTableFile 
*          1    00000d00    00000100     UNINITIALIZED
                  00000d00    00000100     DSP2803x_GlobalVariableDefs.obj (PieVectTableFile)

EmuKeyVar 
*          1    00000d00    00000001     UNINITIALIZED
                  00000d00    00000001     DSP2803x_GlobalVariableDefs.obj (EmuKeyVar)

EmuBModeVar 
*          1    00000d01    00000001     UNINITIALIZED
                  00000d01    00000001     DSP2803x_GlobalVariableDefs.obj (EmuBModeVar)

FlashCallbackVar 
*          1    00000d02    00000002     UNINITIALIZED
                  00000d02    00000002     DSP2803x_GlobalVariableDefs.obj (FlashCallbackVar)

FlashScalingVar 
*          1    00000d04    00000002     UNINITIALIZED
                  00000d04    00000002     DSP2803x_GlobalVariableDefs.obj (FlashScalingVar)

Cla1RegsFile 
*          1    00001400    00000040     UNINITIALIZED
                  00001400    00000040     DSP2803x_GlobalVariableDefs.obj (Cla1RegsFile)

ECanaRegsFile 
*          1    00006000    00000034     UNINITIALIZED
                  00006000    00000034     DSP2803x_GlobalVariableDefs.obj (ECanaRegsFile)

ECanaLAMRegsFile 
*          1    00006040    00000040     UNINITIALIZED
                  00006040    00000040     DSP2803x_GlobalVariableDefs.obj (ECanaLAMRegsFile)

ECanaMOTSRegsFile 
*          1    00006080    00000040     UNINITIALIZED
                  00006080    00000040     DSP2803x_GlobalVariableDefs.obj (ECanaMOTSRegsFile)

ECanaMOTORegsFile 
*          1    000060c0    00000040     UNINITIALIZED
                  000060c0    00000040     DSP2803x_GlobalVariableDefs.obj (ECanaMOTORegsFile)

ECanaMboxesFile 
*          1    00006100    00000100     UNINITIALIZED
                  00006100    00000100     DSP2803x_GlobalVariableDefs.obj (ECanaMboxesFile)

Comp1RegsFile 
*          1    00006400    00000011     UNINITIALIZED
                  00006400    00000011     DSP2803x_GlobalVariableDefs.obj (Comp1RegsFile)

Comp2RegsFile 
*          1    00006420    00000011     UNINITIALIZED
                  00006420    00000011     DSP2803x_GlobalVariableDefs.obj (Comp2RegsFile)

Comp3RegsFile 
*          1    00006440    00000011     UNINITIALIZED
                  00006440    00000011     DSP2803x_GlobalVariableDefs.obj (Comp3RegsFile)

EPwm1RegsFile 
*          1    00006800    0000003a     UNINITIALIZED
                  00006800    0000003a     DSP2803x_GlobalVariableDefs.obj (EPwm1RegsFile)

EPwm2RegsFile 
*          1    00006840    0000003a     UNINITIALIZED
                  00006840    0000003a     DSP2803x_GlobalVariableDefs.obj (EPwm2RegsFile)

EPwm3RegsFile 
*          1    00006880    0000003a     UNINITIALIZED
                  00006880    0000003a     DSP2803x_GlobalVariableDefs.obj (EPwm3RegsFile)

EPwm4RegsFile 
*          1    000068c0    0000003a     UNINITIALIZED
                  000068c0    0000003a     DSP2803x_GlobalVariableDefs.obj (EPwm4RegsFile)

EPwm5RegsFile 
*          1    00006900    0000003a     UNINITIALIZED
                  00006900    0000003a     DSP2803x_GlobalVariableDefs.obj (EPwm5RegsFile)

EPwm6RegsFile 
*          1    00006940    0000003a     UNINITIALIZED
                  00006940    0000003a     DSP2803x_GlobalVariableDefs.obj (EPwm6RegsFile)

EPwm7RegsFile 
*          1    00006980    0000003a     UNINITIALIZED
                  00006980    0000003a     DSP2803x_GlobalVariableDefs.obj (EPwm7RegsFile)

ECap1RegsFile 
*          1    00006a00    00000020     UNINITIALIZED
                  00006a00    00000020     DSP2803x_GlobalVariableDefs.obj (ECap1RegsFile)

EQep1RegsFile 
*          1    00006b00    00000040     UNINITIALIZED
                  00006b00    00000040     DSP2803x_GlobalVariableDefs.obj (EQep1RegsFile)

LinaRegsFile 
*          1    00006c00    0000004a     UNINITIALIZED
                  00006c00    0000004a     DSP2803x_GlobalVariableDefs.obj (LinaRegsFile)

GpioCtrlRegsFile 
*          1    00006f80    00000040     UNINITIALIZED
                  00006f80    00000040     DSP2803x_GlobalVariableDefs.obj (GpioCtrlRegsFile)

GpioDataRegsFile 
*          1    00006fc0    00000020     UNINITIALIZED
                  00006fc0    00000020     DSP2803x_GlobalVariableDefs.obj (GpioDataRegsFile)

GpioIntRegsFile 
*          1    00006fe0    0000000c     UNINITIALIZED
                  00006fe0    0000000c     DSP2803x_GlobalVariableDefs.obj (GpioIntRegsFile)

SysCtrlRegsFile 
*          1    00007010    00000020     UNINITIALIZED
                  00007010    00000020     DSP2803x_GlobalVariableDefs.obj (SysCtrlRegsFile)

SpiaRegsFile 
*          1    00007040    00000010     UNINITIALIZED
                  00007040    00000010     DSP2803x_GlobalVariableDefs.obj (SpiaRegsFile)

SciaRegsFile 
*          1    00007050    00000010     UNINITIALIZED
                  00007050    00000010     DSP2803x_GlobalVariableDefs.obj (SciaRegsFile)

NmiIntruptRegsFile 
*          1    00007060    00000010     UNINITIALIZED
                  00007060    00000010     DSP2803x_GlobalVariableDefs.obj (NmiIntruptRegsFile)

XIntruptRegsFile 
*          1    00007070    00000010     UNINITIALIZED
                  00007070    00000010     DSP2803x_GlobalVariableDefs.obj (XIntruptRegsFile)

AdcRegsFile 
*          1    00007100    00000050     UNINITIALIZED
                  00007100    00000050     DSP2803x_GlobalVariableDefs.obj (AdcRegsFile)

SpibRegsFile 
*          1    00007740    00000010     UNINITIALIZED
                  00007740    00000010     DSP2803x_GlobalVariableDefs.obj (SpibRegsFile)

I2caRegsFile 
*          1    00007900    00000022     UNINITIALIZED
                  00007900    00000022     DSP2803x_GlobalVariableDefs.obj (I2caRegsFile)

.ebss      1    00008c00    000003e4     UNINITIALIZED
                  00008c00    00000360     SCICommu_Ctrl.obj (.ebss)
                  00008f60    00000020     power_loopCtrl.obj (.ebss)
                  00008f80    00000036     analogChk_control.obj (.ebss)
                  00008fb6    00000008     Signal_IOCtrl.obj (.ebss)
                  00008fbe    00000002     --HOLE--
                  00008fc0    00000010     DSP2803x_CpuTimers.obj (.ebss)
                  00008fd0    0000000c     App_stateCtrl.obj (.ebss)
                  00008fdc    00000004     rts2800_ml.lib : _lock.obj (.ebss)
                  00008fe0    00000004                    : exit.obj (.ebss)

PartIdRegsFile 
*          1    003d7e80    00000001     UNINITIALIZED
                  003d7e80    00000001     DSP2803x_GlobalVariableDefs.obj (PartIdRegsFile)

CsmPwlFile 
*          1    003f7ff8    00000008     UNINITIALIZED
                  003f7ff8    00000008     DSP2803x_GlobalVariableDefs.obj (CsmPwlFile)


GLOBAL DATA SYMBOLS: SORTED BY DATA PAGE

address     data page           name
--------    ----------------    ----
00000050       1 (00000040)     __stack

00000880      22 (00000880)     _DevEmuRegs

00000985      26 (00000980)     _SysPwrCtrlRegs

00000a80      2a (00000a80)     _FlashRegs

00000ae0      2b (00000ac0)     _CsmRegs

00000b00      2c (00000b00)     _AdcResult

00000c00      30 (00000c00)     _CpuTimer0Regs
00000c08      30 (00000c00)     _CpuTimer1Regs
00000c10      30 (00000c00)     _CpuTimer2Regs

00000ce0      33 (00000cc0)     _PieCtrlRegs

00000d00      34 (00000d00)     _EmuKey
00000d00      34 (00000d00)     _PieVectTable
00000d01      34 (00000d00)     _EmuBMode
00000d02      34 (00000d00)     _Flash_CallbackPtr
00000d04      34 (00000d00)     _Flash_CPUScaleFactor

00001400      50 (00001400)     _Cla1Regs

00006000     180 (00006000)     _ECanaRegs

00006040     181 (00006040)     _ECanaLAMRegs

00006080     182 (00006080)     _ECanaMOTSRegs

000060c0     183 (000060c0)     _ECanaMOTORegs

00006100     184 (00006100)     _ECanaMboxes

00006400     190 (00006400)     _Comp1Regs
00006420     190 (00006400)     _Comp2Regs

00006440     191 (00006440)     _Comp3Regs

00006800     1a0 (00006800)     _EPwm1Regs

00006840     1a1 (00006840)     _EPwm2Regs

00006880     1a2 (00006880)     _EPwm3Regs

000068c0     1a3 (000068c0)     _EPwm4Regs

00006900     1a4 (00006900)     _EPwm5Regs

00006940     1a5 (00006940)     _EPwm6Regs

00006980     1a6 (00006980)     _EPwm7Regs

00006a00     1a8 (00006a00)     _ECap1Regs

00006b00     1ac (00006b00)     _EQep1Regs

00006c00     1b0 (00006c00)     _LinaRegs

00006f80     1be (00006f80)     _GpioCtrlRegs

00006fc0     1bf (00006fc0)     _GpioDataRegs
00006fe0     1bf (00006fc0)     _GpioIntRegs

00007010     1c0 (00007000)     _SysCtrlRegs

00007040     1c1 (00007040)     _SpiaRegs
00007050     1c1 (00007040)     _SciaRegs
00007060     1c1 (00007040)     _NmiIntruptRegs
00007070     1c1 (00007040)     _XIntruptRegs

00007100     1c4 (00007100)     _AdcRegs

00007740     1dd (00007740)     _SpibRegs

00007900     1e4 (00007900)     _I2caRegs

00008c00     230 (00008c00)     _KI_set
00008c01     230 (00008c00)     _KD_set
00008c02     230 (00008c00)     _KP_set
00008c03     230 (00008c00)     _Txd_Cnt
00008c04     230 (00008c00)     _Rxd_buf

00008c40     231 (00008c40)     _Txd_buf

00008f60     23d (00008f40)     _u16Vol_K_P
00008f61     23d (00008f40)     _u16LVoltInst
00008f62     23d (00008f40)     _u16Vol_K_I
00008f63     23d (00008f40)     _bsoftStart
00008f65     23d (00008f40)     _Flag_Txd_cnt
00008f66     23d (00008f40)     _u16MaxDuty
00008f67     23d (00008f40)     _u16LVoutRefNormal
00008f68     23d (00008f40)     _u16LVoutRef
00008f69     23d (00008f40)     _u16Vol_K_D
00008f6a     23d (00008f40)     _Flag_Txd
00008f6b     23d (00008f40)     _u16Cnt_RampDuty
00008f6c     23d (00008f40)     _u16Cnt_RampRef
00008f6d     23d (00008f40)     _u16tempb
00008f6e     23d (00008f40)     _temp
00008f70     23d (00008f40)     _CTRL2P2Z_COEFF_VOLTAGE_LOOP
00008f78     23d (00008f40)     _CTRL2P2Z_COEFF_VOLTAGE_LOOP_DISCHARGE

00008f80     23e (00008f80)     _u16HVoltInst
00008f81     23e (00008f80)     _bLVCurrent_SynchOpen
00008f82     23e (00008f80)     _u16LVCurrentAvg
00008f84     23e (00008f80)     _u16HVCal
00008f86     23e (00008f80)     _bSetSROn
00008f88     23e (00008f80)     _u16FaultReg
00008fb6     23e (00008f80)     _LED2State
00008fb7     23e (00008f80)     _LED3State
00008fb9     23e (00008f80)     _LED1State
00008fba     23e (00008f80)     _PFCOK_State_e

00008fc0     23f (00008fc0)     _CpuTimer0
00008fc8     23f (00008fc0)     _CpuTimer1
00008fd0     23f (00008fc0)     _PSUCharge_state
00008fd1     23f (00008fc0)     _PSUDischarge_state
00008fd2     23f (00008fc0)     _PSUMode
00008fdc     23f (00008fc0)     __unlock
00008fde     23f (00008fc0)     __lock
00008fe0     23f (00008fc0)     ___TI_cleanup_ptr
00008fe2     23f (00008fc0)     ___TI_dtors_ptr

003d7e80    f5fa (003d7e80)     _PartIdRegs

003f7098    fdc2 (003f7080)     _PieVectTableInit

003f7ff8    fdff (003f7fc0)     _CsmPwl


GLOBAL SYMBOLS: SORTED ALPHABETICALLY BY Name 

address    name
--------   ----
003f6000   .text
003f705b   C$$EXIT
003f6910   _ADCINT1_ISR
003f6915   _ADCINT2_ISR
003f69bf   _ADCINT3_ISR
003f69c4   _ADCINT4_ISR
003f69c9   _ADCINT5_ISR
003f69ce   _ADCINT6_ISR
003f69d3   _ADCINT7_ISR
003f69d8   _ADCINT8_ISR
003f6924   _ADCINT9_ISR
003f62a0   _AdcChanSelect
003f633c   _AdcConversion
003f6315   _AdcOffsetSelfCal
00007100   _AdcRegs
00000b00   _AdcResult
003f66c1   _App_StateCtrl
003f66bd   _App_initStateCtrl
003f69dd   _CLA1_INT1_ISR
003f69e2   _CLA1_INT2_ISR
003f69e7   _CLA1_INT3_ISR
003f69ec   _CLA1_INT4_ISR
003f69f1   _CLA1_INT5_ISR
003f69f6   _CLA1_INT6_ISR
003f69fb   _CLA1_INT7_ISR
003f6a00   _CLA1_INT8_ISR
00008f70   _CTRL2P2Z_COEFF_VOLTAGE_LOOP
00008f78   _CTRL2P2Z_COEFF_VOLTAGE_LOOP_DISCHARGE
00001400   _Cla1Regs
00006400   _Comp1Regs
00006420   _Comp2Regs
00006440   _Comp3Regs
003f6464   _ConfigAdc
00008fc0   _CpuTimer0
00000c00   _CpuTimer0Regs
00008fc8   _CpuTimer1
00000c08   _CpuTimer1Regs
00000c10   _CpuTimer2Regs
003f7ff8   _CsmPwl
00000ae0   _CsmRegs
003f6aee   _CsmUnlock
003f68bb   _DATALOG_ISR
003f7090   _DSP28x_DisableInt
003f7094   _DSP28x_RestoreInt
0000801b   _DSP28x_usDelay
00000880   _DevEmuRegs
003f6a56   _DisableDog
003f6529   _Disable_MainPWMCtrl
003f6541   _Disable_SYNCPWMCtrl
003f69b5   _ECAN0INTA_ISR
003f69ba   _ECAN1INTA_ISR
003f6979   _ECAP1_INT_ISR
00006040   _ECanaLAMRegs
000060c0   _ECanaMOTORegs
00006080   _ECanaMOTSRegs
00006100   _ECanaMboxes
00006000   _ECanaRegs
00006a00   _ECap1Regs
003f6a14   _EMPTY_ISR
003f68c5   _EMUINT_ISR
003f6956   _EPWM1_INT_ISR
003f6933   _EPWM1_TZINT_ISR
003f695b   _EPWM2_INT_ISR
003f6938   _EPWM2_TZINT_ISR
003f6960   _EPWM3_INT_ISR
003f693d   _EPWM3_TZINT_ISR
003f6965   _EPWM4_INT_ISR
003f6942   _EPWM4_TZINT_ISR
003f696a   _EPWM5_INT_ISR
003f6947   _EPWM5_TZINT_ISR
003f696f   _EPWM6_INT_ISR
003f694c   _EPWM6_TZINT_ISR
003f6974   _EPWM7_INT_ISR
003f6951   _EPWM7_TZINT_ISR
00006800   _EPwm1Regs
00006840   _EPwm2Regs
00006880   _EPwm3Regs
000068c0   _EPwm4Regs
00006900   _EPwm5Regs
00006940   _EPwm6Regs
00006980   _EPwm7Regs
003f697e   _EQEP1_INT_ISR
00006b00   _EQep1Regs
00000d01   _EmuBMode
00000d00   _EmuKey
003f703a   _EnableINT
003f6fd9   _EnableInterrupts
003f6535   _Enable_MainPWMCtrl
003f6550   _Enable_SYNCPWMCtrl
003f6b57   _ExtOscSel
00008f6a   _Flag_Txd
00008f65   _Flag_Txd_cnt
00000a80   _FlashRegs
00000d04   _Flash_CPUScaleFactor
00000d02   _Flash_CallbackPtr
003f6da3   _Get_LVoltRef
00006f80   _GpioCtrlRegs
00006fc0   _GpioDataRegs
00006fe0   _GpioIntRegs
003f6997   _I2CINT1A_ISR
003f699c   _I2CINT2A_ISR
00007900   _I2caRegs
003f68cf   _ILLEGAL_ISR
003f68b1   _INT13_ISR
003f68b6   _INT14_ISR
003f6be1   _IO_ChkPFCOK
003f6c05   _IO_UpdInput_PFCOK
003f6c24   _IO_UpdOutput_LED1
003f6c48   _IO_UpdOutput_LED2
003f6c6c   _IO_UpdOutput_LED3
003f6c90   _IO_UpdSignal
003f6b93   _IO_UpdState
003f64b1   _InitAdc
003f6291   _InitAdcAio
003f64d2   _InitComp
003f6f2f   _InitCpuTimers
003f60c6   _InitEPWM1
003f612a   _InitEPWM2
003f6160   _InitEPWM3
003f6187   _InitEPWM4
003f61e5   _InitEPWM5
003f623c   _InitEPWM6
003f6089   _InitEPwm
003f6000   _InitEPwm1Gpio
003f600c   _InitEPwm2Gpio
003f6018   _InitEPwm3Gpio
003f602c   _InitEPwm4Gpio
003f6040   _InitEPwm5Gpio
003f604c   _InitEPwm6Gpio
003f6058   _InitEPwm7Gpio
00008000   _InitFlash
003f6f90   _InitGpio
003f6ab2   _InitPeripheralClocks
003f7074   _InitPeripherals
003f6fba   _InitPieCtrl
003f6fe2   _InitPieVectTable
003f6a5e   _InitPll
003f6f65   _InitSci
003f6f77   _InitSciGpio
003f6f7a   _InitSciaGpio
003f6a32   _InitSysCtrl
003f606a   _InitTzGpio
003f7026   _InitialInterrupts
003f6b1f   _IntOsc1Sel
003f6b2f   _IntOsc2Sel
00008c01   _KD_set
00008c00   _KI_set
00008c02   _KP_set
00008fb9   _LED1State
00008fb6   _LED2State
00008fb7   _LED3State
003f6c1b   _LEDCtrl_LED1OnCond
003f6c1e   _LEDCtrl_LED2OnCond
003f6c21   _LEDCtrl_LED3OnCond
003f69ab   _LIN0INTA_ISR
003f69b0   _LIN1INTA_ISR
003f6a0f   _LUF_ISR
003f6a0a   _LVF_ISR
00006c00   _LinaRegs
003f68ca   _NMI_ISR
00007060   _NmiIntruptRegs
00008fba   _PFCOK_State_e
003f6a19   _PIE_RESERVED
003f6da7   _PI_LVolt
003f6560   _PSUChargeStateCtrl
003f66dd   _PSUChargeState_ChkState
00008fd0   _PSUCharge_state
003f6623   _PSUDischargeStateCtrl
003f66e1   _PSUDischargeState_ChkState
00008fd1   _PSUDischarge_state
00008fd2   _PSUMode
003f66d9   _PSUMode_ChkMode
003f6df3   _ParametersCtrl
003d7e80   _PartIdRegs
00000ce0   _PieCtrlRegs
00000d00   _PieVectTable
003f7098   _PieVectTableInit
003f68c0   _RTOSINT_ISR
003f001f   _RamfuncsLoadEnd
003f0000   _RamfuncsLoadStart
00008000   _RamfuncsRunStart
00008c04   _Rxd_buf
003f6ea1   _SCICommu_Control
003f69a1   _SCIRXINTA_ISR
003f69a6   _SCITXINTA_ISR
003f6e35   _SCI_DataRx
003f6e55   _SCI_DoRx
003f6e89   _SCI_DoTx
003f6983   _SPIRXINTA_ISR
003f698d   _SPIRXINTB_ISR
003f6988   _SPITXINTA_ISR
003f6992   _SPITXINTB_ISR
00007050   _SciaRegs
003f6a4c   _ServiceDog
003f6d96   _Set_LVoltRef
003f6d80   _Set_PID_Coff
00007040   _SpiaRegs
00007740   _SpibRegs
00007010   _SysCtrlRegs
00000985   _SysPwrCtrlRegs
003f6929   _TINT0_ISR
00008c03   _Txd_Cnt
00008c40   _Txd_buf
003f6901   _USER10_ISR
003f6906   _USER11_ISR
003f690b   _USER12_ISR
003f68d4   _USER1_ISR
003f68d9   _USER2_ISR
003f68de   _USER3_ISR
003f68e3   _USER4_ISR
003f68e8   _USER5_ISR
003f68ed   _USER6_ISR
003f68f2   _USER7_ISR
003f68f7   _USER8_ISR
003f68fc   _USER9_ISR
003f6a23   _USER_ISR
003f692e   _WAKEINT_ISR
003f691a   _XINT1_ISR
003f691f   _XINT2_ISR
003f6a05   _XINT3_ISR
00007070   _XIntruptRegs
003f6b43   _XtalOscSel
00000350   __STACK_END
00000300   __STACK_SIZE
00000001   __TI_args_main
00008fe0   ___TI_cleanup_ptr
00008fe2   ___TI_dtors_ptr
ffffffff   ___binit__
ffffffff   ___c_args__
003f7198   ___cinit__
003f7097   ___etext__
003f7005   ___memcpy_ff
ffffffff   ___pinit__
003f6000   ___text__
003f7042   __args_main
00008fde   __lock
003f7087   __nop
003f7083   __register_lock
003f707f   __register_unlock
00000050   __stack
00008fdc   __unlock
003f705b   _abort
003f6c93   _adc_isr
003f6749   _analog_ChkHVOVP
003f6785   _analog_ChkHVUVP
003f67c3   _analog_ChkLVOVP
003f680b   _analog_ChkLVUVP
003f6725   _analog_HVmetering
003f6854   _analog_SynchFETCtrl
003f6866   _analog_monitor
00008f81   _bLVCurrent_SynchOpen
00008f86   _bSetSROn
00008f63   _bsoftStart
003f6eb0   _c_int00
003f6d20   _cpu_timer0_isr
003f705d   _exit
003f6505   _initPSUChargeStateCtrl
003f6517   _initPSUDischargeStateCtrl
003f689b   _isHV_OVP
003f68a6   _isHV_UVP
003f6890   _isLV_UVP
003f6886   _is_LVOVP
003f6884   _is_OCP
003f6871   _is_PFC_OK
003f687c   _is_fault
003f6de4   _is_softStartFinished
003f6ef4   _main
003f6a1e   _rsvd_ISR
003f6d8f   _set_MaxDuty
00008f6e   _temp
003f6504   _test1
00008f6b   _u16Cnt_RampDuty
00008f6c   _u16Cnt_RampRef
00008f88   _u16FaultReg
00008f84   _u16HVCal
00008f80   _u16HVoltInst
00008f82   _u16LVCurrentAvg
00008f61   _u16LVoltInst
00008f68   _u16LVoutRef
00008f67   _u16LVoutRefNormal
00008f66   _u16MaxDuty
00008f69   _u16Vol_K_D
00008f62   _u16Vol_K_I
00008f60   _u16Vol_K_P
00008f6d   _u16tempb
ffffffff   binit
003f7198   cinit
003f7ff6   code_start
003f7097   etext
ffffffff   pinit


GLOBAL SYMBOLS: SORTED BY Symbol Address 

address    name
--------   ----
00000001   __TI_args_main
00000050   __stack
00000300   __STACK_SIZE
00000350   __STACK_END
00000880   _DevEmuRegs
00000985   _SysPwrCtrlRegs
00000a80   _FlashRegs
00000ae0   _CsmRegs
00000b00   _AdcResult
00000c00   _CpuTimer0Regs
00000c08   _CpuTimer1Regs
00000c10   _CpuTimer2Regs
00000ce0   _PieCtrlRegs
00000d00   _EmuKey
00000d00   _PieVectTable
00000d01   _EmuBMode
00000d02   _Flash_CallbackPtr
00000d04   _Flash_CPUScaleFactor
00001400   _Cla1Regs
00006000   _ECanaRegs
00006040   _ECanaLAMRegs
00006080   _ECanaMOTSRegs
000060c0   _ECanaMOTORegs
00006100   _ECanaMboxes
00006400   _Comp1Regs
00006420   _Comp2Regs
00006440   _Comp3Regs
00006800   _EPwm1Regs
00006840   _EPwm2Regs
00006880   _EPwm3Regs
000068c0   _EPwm4Regs
00006900   _EPwm5Regs
00006940   _EPwm6Regs
00006980   _EPwm7Regs
00006a00   _ECap1Regs
00006b00   _EQep1Regs
00006c00   _LinaRegs
00006f80   _GpioCtrlRegs
00006fc0   _GpioDataRegs
00006fe0   _GpioIntRegs
00007010   _SysCtrlRegs
00007040   _SpiaRegs
00007050   _SciaRegs
00007060   _NmiIntruptRegs
00007070   _XIntruptRegs
00007100   _AdcRegs
00007740   _SpibRegs
00007900   _I2caRegs
00008000   _InitFlash
00008000   _RamfuncsRunStart
0000801b   _DSP28x_usDelay
00008c00   _KI_set
00008c01   _KD_set
00008c02   _KP_set
00008c03   _Txd_Cnt
00008c04   _Rxd_buf
00008c40   _Txd_buf
00008f60   _u16Vol_K_P
00008f61   _u16LVoltInst
00008f62   _u16Vol_K_I
00008f63   _bsoftStart
00008f65   _Flag_Txd_cnt
00008f66   _u16MaxDuty
00008f67   _u16LVoutRefNormal
00008f68   _u16LVoutRef
00008f69   _u16Vol_K_D
00008f6a   _Flag_Txd
00008f6b   _u16Cnt_RampDuty
00008f6c   _u16Cnt_RampRef
00008f6d   _u16tempb
00008f6e   _temp
00008f70   _CTRL2P2Z_COEFF_VOLTAGE_LOOP
00008f78   _CTRL2P2Z_COEFF_VOLTAGE_LOOP_DISCHARGE
00008f80   _u16HVoltInst
00008f81   _bLVCurrent_SynchOpen
00008f82   _u16LVCurrentAvg
00008f84   _u16HVCal
00008f86   _bSetSROn
00008f88   _u16FaultReg
00008fb6   _LED2State
00008fb7   _LED3State
00008fb9   _LED1State
00008fba   _PFCOK_State_e
00008fc0   _CpuTimer0
00008fc8   _CpuTimer1
00008fd0   _PSUCharge_state
00008fd1   _PSUDischarge_state
00008fd2   _PSUMode
00008fdc   __unlock
00008fde   __lock
00008fe0   ___TI_cleanup_ptr
00008fe2   ___TI_dtors_ptr
003d7e80   _PartIdRegs
003f0000   _RamfuncsLoadStart
003f001f   _RamfuncsLoadEnd
003f6000   .text
003f6000   _InitEPwm1Gpio
003f6000   ___text__
003f600c   _InitEPwm2Gpio
003f6018   _InitEPwm3Gpio
003f602c   _InitEPwm4Gpio
003f6040   _InitEPwm5Gpio
003f604c   _InitEPwm6Gpio
003f6058   _InitEPwm7Gpio
003f606a   _InitTzGpio
003f6089   _InitEPwm
003f60c6   _InitEPWM1
003f612a   _InitEPWM2
003f6160   _InitEPWM3
003f6187   _InitEPWM4
003f61e5   _InitEPWM5
003f623c   _InitEPWM6
003f6291   _InitAdcAio
003f62a0   _AdcChanSelect
003f6315   _AdcOffsetSelfCal
003f633c   _AdcConversion
003f6464   _ConfigAdc
003f64b1   _InitAdc
003f64d2   _InitComp
003f6504   _test1
003f6505   _initPSUChargeStateCtrl
003f6517   _initPSUDischargeStateCtrl
003f6529   _Disable_MainPWMCtrl
003f6535   _Enable_MainPWMCtrl
003f6541   _Disable_SYNCPWMCtrl
003f6550   _Enable_SYNCPWMCtrl
003f6560   _PSUChargeStateCtrl
003f6623   _PSUDischargeStateCtrl
003f66bd   _App_initStateCtrl
003f66c1   _App_StateCtrl
003f66d9   _PSUMode_ChkMode
003f66dd   _PSUChargeState_ChkState
003f66e1   _PSUDischargeState_ChkState
003f6725   _analog_HVmetering
003f6749   _analog_ChkHVOVP
003f6785   _analog_ChkHVUVP
003f67c3   _analog_ChkLVOVP
003f680b   _analog_ChkLVUVP
003f6854   _analog_SynchFETCtrl
003f6866   _analog_monitor
003f6871   _is_PFC_OK
003f687c   _is_fault
003f6884   _is_OCP
003f6886   _is_LVOVP
003f6890   _isLV_UVP
003f689b   _isHV_OVP
003f68a6   _isHV_UVP
003f68b1   _INT13_ISR
003f68b6   _INT14_ISR
003f68bb   _DATALOG_ISR
003f68c0   _RTOSINT_ISR
003f68c5   _EMUINT_ISR
003f68ca   _NMI_ISR
003f68cf   _ILLEGAL_ISR
003f68d4   _USER1_ISR
003f68d9   _USER2_ISR
003f68de   _USER3_ISR
003f68e3   _USER4_ISR
003f68e8   _USER5_ISR
003f68ed   _USER6_ISR
003f68f2   _USER7_ISR
003f68f7   _USER8_ISR
003f68fc   _USER9_ISR
003f6901   _USER10_ISR
003f6906   _USER11_ISR
003f690b   _USER12_ISR
003f6910   _ADCINT1_ISR
003f6915   _ADCINT2_ISR
003f691a   _XINT1_ISR
003f691f   _XINT2_ISR
003f6924   _ADCINT9_ISR
003f6929   _TINT0_ISR
003f692e   _WAKEINT_ISR
003f6933   _EPWM1_TZINT_ISR
003f6938   _EPWM2_TZINT_ISR
003f693d   _EPWM3_TZINT_ISR
003f6942   _EPWM4_TZINT_ISR
003f6947   _EPWM5_TZINT_ISR
003f694c   _EPWM6_TZINT_ISR
003f6951   _EPWM7_TZINT_ISR
003f6956   _EPWM1_INT_ISR
003f695b   _EPWM2_INT_ISR
003f6960   _EPWM3_INT_ISR
003f6965   _EPWM4_INT_ISR
003f696a   _EPWM5_INT_ISR
003f696f   _EPWM6_INT_ISR
003f6974   _EPWM7_INT_ISR
003f6979   _ECAP1_INT_ISR
003f697e   _EQEP1_INT_ISR
003f6983   _SPIRXINTA_ISR
003f6988   _SPITXINTA_ISR
003f698d   _SPIRXINTB_ISR
003f6992   _SPITXINTB_ISR
003f6997   _I2CINT1A_ISR
003f699c   _I2CINT2A_ISR
003f69a1   _SCIRXINTA_ISR
003f69a6   _SCITXINTA_ISR
003f69ab   _LIN0INTA_ISR
003f69b0   _LIN1INTA_ISR
003f69b5   _ECAN0INTA_ISR
003f69ba   _ECAN1INTA_ISR
003f69bf   _ADCINT3_ISR
003f69c4   _ADCINT4_ISR
003f69c9   _ADCINT5_ISR
003f69ce   _ADCINT6_ISR
003f69d3   _ADCINT7_ISR
003f69d8   _ADCINT8_ISR
003f69dd   _CLA1_INT1_ISR
003f69e2   _CLA1_INT2_ISR
003f69e7   _CLA1_INT3_ISR
003f69ec   _CLA1_INT4_ISR
003f69f1   _CLA1_INT5_ISR
003f69f6   _CLA1_INT6_ISR
003f69fb   _CLA1_INT7_ISR
003f6a00   _CLA1_INT8_ISR
003f6a05   _XINT3_ISR
003f6a0a   _LVF_ISR
003f6a0f   _LUF_ISR
003f6a14   _EMPTY_ISR
003f6a19   _PIE_RESERVED
003f6a1e   _rsvd_ISR
003f6a23   _USER_ISR
003f6a32   _InitSysCtrl
003f6a4c   _ServiceDog
003f6a56   _DisableDog
003f6a5e   _InitPll
003f6ab2   _InitPeripheralClocks
003f6aee   _CsmUnlock
003f6b1f   _IntOsc1Sel
003f6b2f   _IntOsc2Sel
003f6b43   _XtalOscSel
003f6b57   _ExtOscSel
003f6b93   _IO_UpdState
003f6be1   _IO_ChkPFCOK
003f6c05   _IO_UpdInput_PFCOK
003f6c1b   _LEDCtrl_LED1OnCond
003f6c1e   _LEDCtrl_LED2OnCond
003f6c21   _LEDCtrl_LED3OnCond
003f6c24   _IO_UpdOutput_LED1
003f6c48   _IO_UpdOutput_LED2
003f6c6c   _IO_UpdOutput_LED3
003f6c90   _IO_UpdSignal
003f6c93   _adc_isr
003f6d20   _cpu_timer0_isr
003f6d80   _Set_PID_Coff
003f6d8f   _set_MaxDuty
003f6d96   _Set_LVoltRef
003f6da3   _Get_LVoltRef
003f6da7   _PI_LVolt
003f6de4   _is_softStartFinished
003f6df3   _ParametersCtrl
003f6e35   _SCI_DataRx
003f6e55   _SCI_DoRx
003f6e89   _SCI_DoTx
003f6ea1   _SCICommu_Control
003f6eb0   _c_int00
003f6ef4   _main
003f6f2f   _InitCpuTimers
003f6f65   _InitSci
003f6f77   _InitSciGpio
003f6f7a   _InitSciaGpio
003f6f90   _InitGpio
003f6fba   _InitPieCtrl
003f6fd9   _EnableInterrupts
003f6fe2   _InitPieVectTable
003f7005   ___memcpy_ff
003f7026   _InitialInterrupts
003f703a   _EnableINT
003f7042   __args_main
003f705b   C$$EXIT
003f705b   _abort
003f705d   _exit
003f7074   _InitPeripherals
003f707f   __register_unlock
003f7083   __register_lock
003f7087   __nop
003f7090   _DSP28x_DisableInt
003f7094   _DSP28x_RestoreInt
003f7097   ___etext__
003f7097   etext
003f7098   _PieVectTableInit
003f7198   ___cinit__
003f7198   cinit
003f7ff6   code_start
003f7ff8   _CsmPwl
ffffffff   ___binit__
ffffffff   ___c_args__
ffffffff   ___pinit__
ffffffff   binit
ffffffff   pinit

[290 symbols]
